C:\Users\manoj\OneDrive\Desktop\battery-prognostics\.venv\Lib\site-packages\mapie\utils.py:1540: UserWarning: Estimator does not appear fitted. At least one of the expected attributes is missing in : ['n_features_in_', 'classes_', 'coef_', 'feature_names_in_', 'tree_', 'estimators_', 'fitted_'].
  warnings.warn(
C:\Users\manoj\OneDrive\Desktop\battery-prognostics\.venv\Lib\site-packages\mapie\utils.py:1540: UserWarning: Estimator does not appear fitted. At least one of the expected attributes is missing in : ['n_features_in_', 'classes_', 'coef_', 'feature_names_in_', 'tree_', 'estimators_', 'fitted_'].
  warnings.warn(
[corrected-embeddings] isu_ilcc: 45229 parquet rows -> 45229 rows with corrected old-encoder embeddings (max |fusion| 3.94)
C:\Users\manoj\OneDrive\Desktop\battery-prognostics\.venv\Lib\site-packages\mapie\utils.py:1540: UserWarning: Estimator does not appear fitted. At least one of the expected attributes is missing in : ['n_features_in_', 'classes_', 'coef_', 'feature_names_in_', 'tree_', 'estimators_', 'fitted_'].
  warnings.warn(
C:\Users\manoj\OneDrive\Desktop\battery-prognostics\.venv\Lib\site-packages\mapie\utils.py:1540: UserWarning: Estimator does not appear fitted. At least one of the expected attributes is missing in : ['n_features_in_', 'classes_', 'coef_', 'feature_names_in_', 'tree_', 'estimators_', 'fitted_'].
  warnings.warn(
[corrected-embeddings] ul_pur: 2245 parquet rows -> 2245 rows with corrected old-encoder embeddings (max |fusion| 8.47)
[corrected-embeddings] hnei: 15155 parquet rows -> 15155 rows with corrected old-encoder embeddings (max |fusion| 9.39)
[corrected-embeddings] snl: 38880 parquet rows -> 38880 rows with corrected old-encoder embeddings (max |fusion| 12.32)
[corrected-embeddings] mich: 19881 parquet rows -> 19881 rows with corrected old-encoder embeddings (max |fusion| 7.81)
[corrected-embeddings] mich_exp: 6545 parquet rows -> 6545 rows with corrected old-encoder embeddings (max |fusion| 10.44)
[corrected-embeddings] rwth: 22095 parquet rows -> 22095 rows with corrected old-encoder embeddings (max |fusion| 26.67)
[corrected-embeddings] stanford: 5633 parquet rows -> 5633 rows with corrected old-encoder embeddings (max |fusion| 6.04)
[corrected-embeddings] stanford_2: 8465 parquet rows -> 8465 rows with corrected old-encoder embeddings (max |fusion| 6.05)
[corrected-embeddings] isu_ilcc: 45229 parquet rows -> 45229 rows with corrected old-encoder embeddings (max |fusion| 3.94)
=== (a) No-lookahead unit test ===
[check2a] PID synthetic test: interval[0..80] IDENTICAL after shuffling labels at cycles >80: True (must be True)
[check2a] PID synthetic test: interval[81..] CHANGED after the shuffle: True (expected True - confirms the shuffle actually perturbed downstream cycles, i.e. the test is non-vacuous)
[check2a] nexCP synthetic test: interval[0..80] IDENTICAL after shuffling labels at cycles >80: True (must be True)
[check2a] SYNTHETIC TEST: PASSED for both PID and nexCP.

[check2a] Repeating on 3 REAL battery traces (CALCE, HUST, isu_ilcc)...
[stage1-duration] WARNING: 4 batteries have no cycle_idx==10 row at all: ['B0038', 'B0039', 'B0040', 'B0041'] - falling back to each such battery's own first available cycle as baseline.
[stage1-duration] ICHV -> ICHV_rel: 0 batteries used median-fallback baseline, 0 non-finite output values (of 29705 rows)
[stage1-duration] TEVD -> TEVD_rel: 0 batteries used median-fallback baseline, 0 non-finite output values (of 29705 rows)
[stage1-duration] TEVI -> TEVI_rel: 0 batteries used median-fallback baseline, 0 non-finite output values (of 29705 rows)
[stage1-duration] WARNING: 4 batteries have no cycle_idx==10 row at all: ['B0038', 'B0039', 'B0040', 'B0041'] - falling back to each such battery's own first available cycle as baseline.
[stage1-duration] ICHV -> ICHV_rel: 0 batteries used median-fallback baseline, 0 non-finite output values (of 29705 rows)
[stage1-duration] TEVD -> TEVD_rel: 0 batteries used median-fallback baseline, 0 non-finite output values (of 29705 rows)
[stage1-duration] TEVI -> TEVI_rel: 0 batteries used median-fallback baseline, 0 non-finite output values (of 29705 rows)
[extended-reformulation] SCV -> SCV_rel (ratio): 0 batteries used median-fallback baseline, 0 non-finite output values
[extended-reformulation] MET -> MET_rel (ratio): 0 batteries used median-fallback baseline, 0 non-finite output values
[extended-reformulation] MATD -> MATD_rel (delta): 2943 non-finite output values
[extended-reformulation] VIECT -> VIECT_rel (delta): 0 non-finite output values
[itemA] q_src (base model, in-domain split-conformal half-width) = 1.1438
[itemA] q_src (extended model, in-domain split-conformal half-width) = 0.4064
[stage1-duration] WARNING: 4 batteries have no cycle_idx==10 row at all: ['B0038', 'B0039', 'B0040', 'B0041'] - falling back to each such battery's own first available cycle as baseline.
[stage1-duration] ICHV -> ICHV_rel: 0 batteries used median-fallback baseline, 0 non-finite output values (of 29705 rows)
[stage1-duration] TEVD -> TEVD_rel: 0 batteries used median-fallback baseline, 0 non-finite output values (of 29705 rows)
[stage1-duration] TEVI -> TEVI_rel: 0 batteries used median-fallback baseline, 0 non-finite output values (of 29705 rows)
[stage1-duration] WARNING: 4 batteries have no cycle_idx==10 row at all: ['B0038', 'B0039', 'B0040', 'B0041'] - falling back to each such battery's own first available cycle as baseline.
[stage1-duration] ICHV -> ICHV_rel: 0 batteries used median-fallback baseline, 0 non-finite output values (of 29705 rows)
[stage1-duration] TEVD -> TEVD_rel: 0 batteries used median-fallback baseline, 0 non-finite output values (of 29705 rows)
[stage1-duration] TEVI -> TEVI_rel: 0 batteries used median-fallback baseline, 0 non-finite output values (of 29705 rows)
[extended-reformulation] SCV -> SCV_rel (ratio): 0 batteries used median-fallback baseline, 0 non-finite output values
[extended-reformulation] MET -> MET_rel (ratio): 0 batteries used median-fallback baseline, 0 non-finite output values
[extended-reformulation] MATD -> MATD_rel (delta): 2943 non-finite output values
[extended-reformulation] VIECT -> VIECT_rel (delta): 0 non-finite output values
[extended-reformulation] SCV -> SCV_rel (ratio): 0 batteries used median-fallback baseline, 0 non-finite output values
[extended-reformulation] MET -> MET_rel (ratio): 0 batteries used median-fallback baseline, 0 non-finite output values
[extended-reformulation] MATD -> MATD_rel (delta): 2941 non-finite output values
[extended-reformulation] VIECT -> VIECT_rel (delta): 0 non-finite output values
[extended-reformulation] SCV -> SCV_rel (ratio): 0 batteries used median-fallback baseline, 0 non-finite output values
[extended-reformulation] MET -> MET_rel (ratio): 0 batteries used median-fallback baseline, 0 non-finite output values
[extended-reformulation] MATD -> MATD_rel (delta): 0 non-finite output values
[extended-reformulation] VIECT -> VIECT_rel (delta): 0 non-finite output values
[extended-reformulation] SCV -> SCV_rel (ratio): 0 batteries used median-fallback baseline, 0 non-finite output values
[extended-reformulation] MET -> MET_rel (ratio): 0 batteries used median-fallback baseline, 0 non-finite output values
[extended-reformulation] MATD -> MATD_rel (delta): 146122 non-finite output values
[extended-reformulation] VIECT -> VIECT_rel (delta): 0 non-finite output values
[extended-reformulation] SCV -> SCV_rel (ratio): 0 batteries used median-fallback baseline, 0 non-finite output values
[extended-reformulation] MET -> MET_rel (ratio): 0 batteries used median-fallback baseline, 0 non-finite output values
[extended-reformulation] MATD -> MATD_rel (delta): 0 non-finite output values
[extended-reformulation] VIECT -> VIECT_rel (delta): 0 non-finite output values
[check2a] CALCE/CS2_37 (n=1037, t_check=518): no-lookahead holds = True
[check2a] HUST/5-3 (n=2689, t_check=1344): no-lookahead holds = True
[check2a] isu_ilcc/ISU-ILCC_G50C2 (n=15267, t_check=7633): no-lookahead holds = True
[check2a] REAL-DATA TEST: ALL PASSED

=== (b)+(c)+(d): label-free vs. online table, zero-coverage life-stage, width-as-%-of-range ===
[stage1-duration] WARNING: 4 batteries have no cycle_idx==10 row at all: ['B0038', 'B0039', 'B0040', 'B0041'] - falling back to each such battery's own first available cycle as baseline.
[stage1-duration] ICHV -> ICHV_rel: 0 batteries used median-fallback baseline, 0 non-finite output values (of 29705 rows)
[stage1-duration] TEVD -> TEVD_rel: 0 batteries used median-fallback baseline, 0 non-finite output values (of 29705 rows)
[stage1-duration] TEVI -> TEVI_rel: 0 batteries used median-fallback baseline, 0 non-finite output values (of 29705 rows)
[stage1-duration] WARNING: 4 batteries have no cycle_idx==10 row at all: ['B0038', 'B0039', 'B0040', 'B0041'] - falling back to each such battery's own first available cycle as baseline.
[stage1-duration] ICHV -> ICHV_rel: 0 batteries used median-fallback baseline, 0 non-finite output values (of 29705 rows)
[stage1-duration] TEVD -> TEVD_rel: 0 batteries used median-fallback baseline, 0 non-finite output values (of 29705 rows)
[stage1-duration] TEVI -> TEVI_rel: 0 batteries used median-fallback baseline, 0 non-finite output values (of 29705 rows)
[extended-reformulation] SCV -> SCV_rel (ratio): 0 batteries used median-fallback baseline, 0 non-finite output values
[extended-reformulation] MET -> MET_rel (ratio): 0 batteries used median-fallback baseline, 0 non-finite output values
[extended-reformulation] MATD -> MATD_rel (delta): 2943 non-finite output values
[extended-reformulation] VIECT -> VIECT_rel (delta): 0 non-finite output values
[itemA] q_src (base model, in-domain split-conformal half-width) = 1.1438
[itemA] q_src (extended model, in-domain split-conformal half-width) = 0.4064
[stage1-duration] WARNING: 4 batteries have no cycle_idx==10 row at all: ['B0038', 'B0039', 'B0040', 'B0041'] - falling back to each such battery's own first available cycle as baseline.
[stage1-duration] ICHV -> ICHV_rel: 0 batteries used median-fallback baseline, 0 non-finite output values (of 29705 rows)
[stage1-duration] TEVD -> TEVD_rel: 0 batteries used median-fallback baseline, 0 non-finite output values (of 29705 rows)
[stage1-duration] TEVI -> TEVI_rel: 0 batteries used median-fallback baseline, 0 non-finite output values (of 29705 rows)
[stage1-duration] WARNING: 4 batteries have no cycle_idx==10 row at all: ['B0038', 'B0039', 'B0040', 'B0041'] - falling back to each such battery's own first available cycle as baseline.
[stage1-duration] ICHV -> ICHV_rel: 0 batteries used median-fallback baseline, 0 non-finite output values (of 29705 rows)
[stage1-duration] TEVD -> TEVD_rel: 0 batteries used median-fallback baseline, 0 non-finite output values (of 29705 rows)
[stage1-duration] TEVI -> TEVI_rel: 0 batteries used median-fallback baseline, 0 non-finite output values (of 29705 rows)
[extended-reformulation] SCV -> SCV_rel (ratio): 0 batteries used median-fallback baseline, 0 non-finite output values
[extended-reformulation] MET -> MET_rel (ratio): 0 batteries used median-fallback baseline, 0 non-finite output values
[extended-reformulation] MATD -> MATD_rel (delta): 2943 non-finite output values
[extended-reformulation] VIECT -> VIECT_rel (delta): 0 non-finite output values
[extended-reformulation] SCV -> SCV_rel (ratio): 0 batteries used median-fallback baseline, 0 non-finite output values
[extended-reformulation] MET -> MET_rel (ratio): 0 batteries used median-fallback baseline, 0 non-finite output values
[extended-reformulation] MATD -> MATD_rel (delta): 2941 non-finite output values
[extended-reformulation] VIECT -> VIECT_rel (delta): 0 non-finite output values
[extended-reformulation] SCV -> SCV_rel (ratio): 0 batteries used median-fallback baseline, 0 non-finite output values
[extended-reformulation] MET -> MET_rel (ratio): 0 batteries used median-fallback baseline, 0 non-finite output values
[extended-reformulation] MATD -> MATD_rel (delta): 0 non-finite output values
[extended-reformulation] VIECT -> VIECT_rel (delta): 0 non-finite output values
[extended-reformulation] SCV -> SCV_rel (ratio): 0 batteries used median-fallback baseline, 0 non-finite output values
[extended-reformulation] MET -> MET_rel (ratio): 0 batteries used median-fallback baseline, 0 non-finite output values
[extended-reformulation] MATD -> MATD_rel (delta): 146122 non-finite output values
[extended-reformulation] VIECT -> VIECT_rel (delta): 0 non-finite output values
[extended-reformulation] SCV -> SCV_rel (ratio): 0 batteries used median-fallback baseline, 0 non-finite output values
[extended-reformulation] MET -> MET_rel (ratio): 0 batteries used median-fallback baseline, 0 non-finite output values
[extended-reformulation] MATD -> MATD_rel (delta): 0 non-finite output values
[extended-reformulation] VIECT -> VIECT_rel (delta): 0 non-finite output values
[check2] CALCE: static(label-free)=4.3% | PID=84.9% | width%range PID=18.1%
[check2] Oxford: static(label-free)=5.4% | PID=85.4% | width%range PID=8.8%
[check2] HUST: static(label-free)=8.5% | PID=88.1% | width%range PID=24.3%
[check2] XJTU: static(label-free)=11.0% | PID=89.3% | width%range PID=62.7%
[check2] ul_pur: static(label-free)=21.6% | PID=58.9% | width%range PID=18.8%
[check2] hnei: static(label-free)=19.0% | PID=38.0% | width%range PID=43.2%
[check2] snl: static(label-free)=11.7% | PID=82.3% | width%range PID=13.4%
[check2] mich: static(label-free)=16.2% | PID=61.9% | width%range PID=12.1%
[check2] mich_exp: static(label-free)=34.1% | PID=65.2% | width%range PID=11.2%
[check2] rwth: static(label-free)=4.7% | PID=83.7% | width%range PID=60.1%
[check2] stanford: static(label-free)=1.5% | PID=89.4% | width%range PID=36.3%
[check2] stanford_2: static(label-free)=1.6% | PID=89.5% | width%range PID=38.3%
[check2] isu_ilcc: static(label-free)=1.3% | PID=89.9% | width%range PID=60.5%

=== (b) LABEL-FREE (static) vs. ONLINE (needs sequential target labels) coverage ===
   dataset  static_split_conformal_LABEL_FREE_pct  PID_ONLINE_needs_labels_pct  nexCP_0.95_ONLINE_needs_labels_pct  nexCP_0.99_ONLINE_needs_labels_pct
     CALCE                               4.284257                    84.850567                           80.419100                           73.514256
    Oxford                               5.394990                    85.421412                           89.749431                           86.104784
      HUST                               8.501800                    88.097859                           86.996395                           85.010870
      XJTU                              11.004262                    89.316922                           89.226343                           90.808824
    ul_pur                              21.648107                    58.881119                           74.265734                           60.000000
      hnei                              18.957440                    38.048618                           63.236763                           46.679987
       snl                              11.653807                    82.282807                           66.368380                           62.212366
      mich                              16.211458                    61.870541                           63.538833                           59.786459
  mich_exp                              34.148205                    65.200314                           69.285153                           62.325216
      rwth                               4.729577                    83.655376                           68.815640                           55.508070
  stanford                               1.508965                    89.431186                           84.837610                           88.354567
stanford_2                               1.630242                    89.493143                           86.034586                           88.252832
  isu_ilcc                               1.322161                    89.939963                           80.613217                           72.329914

=== (c) Life-stage of the rolling-20 zero-coverage window (PID, k_burnin=10) ===
   dataset method  n_batteries  n_batteries_with_zero_rolling_coverage  early_count  mid_count  late_count
     CALCE    PID            3                                       0            0          0           0
    Oxford    PID            8                                       0            0          0           0
      HUST    PID           77                                       2            0          0           2
      XJTU    PID           47                                       0            0          0           0
    ul_pur    PID           10                                       8            2          1           5
      hnei    PID           14                                      14            0         14           0
       snl    PID           49                                      10            0          2           8
      mich    PID           40                                      40            0          1          39
  mich_exp    PID           18                                      13            1          3           9
      rwth    PID           10                                       1            0          1           0
  stanford    PID            6                                       0            0          0           0
stanford_2    PID            8                                       0            0          0           0
  isu_ilcc    PID            9                                       0            0          0           0

=== (d) Mean width as % of dataset's own SOH range (PID) ===
   dataset  mean_width  soh_range  width_pct_of_range
     CALCE   16.092661  88.950945           18.091613
    Oxford    3.365468  38.440967            8.754899
      HUST    7.441180  30.586560           24.328266
      XJTU   23.780455  37.952353           62.658710
    ul_pur    5.195515  27.620951           18.810053
      hnei   29.020173  67.110552           43.242340
       snl   13.593861 101.464573           13.397642
      mich   11.893685  98.260870           12.104193
  mich_exp    8.429075  75.357857           11.185396
      rwth   48.131834  80.141547           60.058528
  stanford   33.959900  93.431252           36.347474
stanford_2   34.157438  89.123231           38.326077
  isu_ilcc   61.748912 102.130707           60.460672

[check2] TOTAL TIME: 5.87 minutes
