[corrected-embeddings] ul_pur: 2245 parquet rows -> 2245 rows with corrected old-encoder embeddings (max |fusion| 8.47)
[corrected-embeddings] hnei: 15155 parquet rows -> 15155 rows with corrected old-encoder embeddings (max |fusion| 9.39)
[corrected-embeddings] snl: 38880 parquet rows -> 38880 rows with corrected old-encoder embeddings (max |fusion| 12.32)
[corrected-embeddings] mich: 19881 parquet rows -> 19881 rows with corrected old-encoder embeddings (max |fusion| 7.81)
[corrected-embeddings] mich_exp: 6545 parquet rows -> 6545 rows with corrected old-encoder embeddings (max |fusion| 10.44)
[corrected-embeddings] rwth: 22095 parquet rows -> 22095 rows with corrected old-encoder embeddings (max |fusion| 26.67)
[corrected-embeddings] stanford: 5633 parquet rows -> 5633 rows with corrected old-encoder embeddings (max |fusion| 6.04)
[corrected-embeddings] stanford_2: 8465 parquet rows -> 8465 rows with corrected old-encoder embeddings (max |fusion| 6.05)
[corrected-embeddings] isu_ilcc: 45229 parquet rows -> 45229 rows with corrected old-encoder embeddings (max |fusion| 3.94)
=== Final pass item 2: cycle_idx ablation (as-is / dropped / equivalent-full-cycles) ===
[stage1-duration] WARNING: 4 batteries have no cycle_idx==10 row at all: ['B0038', 'B0039', 'B0040', 'B0041'] - falling back to each such battery's own first available cycle as baseline.
[stage1-duration] ICHV -> ICHV_rel: 0 batteries used median-fallback baseline, 0 non-finite output values (of 29705 rows)
[stage1-duration] TEVD -> TEVD_rel: 0 batteries used median-fallback baseline, 0 non-finite output values (of 29705 rows)
[stage1-duration] TEVI -> TEVI_rel: 0 batteries used median-fallback baseline, 0 non-finite output values (of 29705 rows)
[item2] equivalent_full_cycles: 0 batteries needed a fallback nominal-capacity (near-zero/non-finite first-3-cycle median), 0 rows left NaN (of 26696)
[item2] equivalent_full_cycles: 0 batteries needed a fallback nominal-capacity (near-zero/non-finite first-3-cycle median), 0 rows left NaN (of 29705)
[item2] (a) feature cols: ['ICHV_rel', 'SCV', 'VDEDT', 'VIECT', 'MATD', 'MET', 'TEVD_rel', 'TEVI_rel', 'cycle_idx', 'fusion_0', 'fusion_1', 'fusion_2', 'fusion_3', 'fusion_4', 'fusion_5', 'fusion_6', 'fusion_7', 'fusion_8', 'fusion_9', 'fusion_10', 'fusion_11', 'fusion_12', 'fusion_13', 'fusion_14', 'fusion_15']
[item2] (b) feature cols: ['ICHV_rel', 'SCV', 'VDEDT', 'VIECT', 'MATD', 'MET', 'TEVD_rel', 'TEVI_rel', 'fusion_0', 'fusion_1', 'fusion_2', 'fusion_3', 'fusion_4', 'fusion_5', 'fusion_6', 'fusion_7', 'fusion_8', 'fusion_9', 'fusion_10', 'fusion_11', 'fusion_12', 'fusion_13', 'fusion_14', 'fusion_15']
[item2] (c) feature cols: ['ICHV_rel', 'SCV', 'VDEDT', 'VIECT', 'MATD', 'MET', 'TEVD_rel', 'TEVI_rel', 'equivalent_full_cycles', 'fusion_0', 'fusion_1', 'fusion_2', 'fusion_3', 'fusion_4', 'fusion_5', 'fusion_6', 'fusion_7', 'fusion_8', 'fusion_9', 'fusion_10', 'fusion_11', 'fusion_12', 'fusion_13', 'fusion_14', 'fusion_15']
[item2] equivalent_full_cycles: 0 batteries needed a fallback nominal-capacity (near-zero/non-finite first-3-cycle median), 0 rows left NaN (of 519)
[item2] equivalent_full_cycles: 0 batteries needed a fallback nominal-capacity (near-zero/non-finite first-3-cycle median), 0 rows left NaN (of 146122)
[item2] equivalent_full_cycles: 0 batteries needed a fallback nominal-capacity (near-zero/non-finite first-3-cycle median), 0 rows left NaN (of 19238)
[item2] equivalent_full_cycles: 0 batteries needed a fallback nominal-capacity (near-zero/non-finite first-3-cycle median), 0 rows left NaN (of 2245)
[item2] equivalent_full_cycles: 0 batteries needed a fallback nominal-capacity (near-zero/non-finite first-3-cycle median), 0 rows left NaN (of 15155)
[item2] equivalent_full_cycles: 0 batteries needed a fallback nominal-capacity (near-zero/non-finite first-3-cycle median), 0 rows left NaN (of 38880)
[item2] equivalent_full_cycles: 0 batteries needed a fallback nominal-capacity (near-zero/non-finite first-3-cycle median), 0 rows left NaN (of 19881)
[item2] equivalent_full_cycles: 0 batteries needed a fallback nominal-capacity (near-zero/non-finite first-3-cycle median), 0 rows left NaN (of 6545)
[item2] equivalent_full_cycles: 0 batteries needed a fallback nominal-capacity (near-zero/non-finite first-3-cycle median), 0 rows left NaN (of 22095)
[item2] equivalent_full_cycles: 0 batteries needed a fallback nominal-capacity (near-zero/non-finite first-3-cycle median), 0 rows left NaN (of 5633)
[item2] equivalent_full_cycles: 0 batteries needed a fallback nominal-capacity (near-zero/non-finite first-3-cycle median), 0 rows left NaN (of 8465)
[item2] equivalent_full_cycles: 0 batteries needed a fallback nominal-capacity (near-zero/non-finite first-3-cycle median), 0 rows left NaN (of 45229)
[item2] a_as_is_cycle_idx IN-DOMAIN: R2=0.9756 RMSE=0.7553 MAE=0.2954
[item2] a_as_is_cycle_idx Oxford: R2=-2.4410 RMSE=12.6770 MAE=12.1675 n=519
[item2] a_as_is_cycle_idx HUST: R2=-0.1654 RMSE=7.9644 MAE=5.6901 n=146122
[item2] a_as_is_cycle_idx XJTU: R2=-0.9742 RMSE=8.4491 MAE=6.3995 n=19238
[item2] a_as_is_cycle_idx CALCE: R2=0.5409 RMSE=14.5912 MAE=10.4526 n=2941
[item2] a_as_is_cycle_idx ul_pur: R2=0.1574 RMSE=5.5612 MAE=3.3815 n=2245
[item2] a_as_is_cycle_idx hnei: R2=-0.1443 RMSE=19.1006 MAE=14.8464 n=15155
[item2] a_as_is_cycle_idx snl: R2=0.0966 RMSE=7.9274 MAE=5.9446 n=38880
[item2] a_as_is_cycle_idx mich: R2=0.5258 RMSE=15.5222 MAE=7.8838 n=19881
[item2] a_as_is_cycle_idx mich_exp: R2=0.7131 RMSE=7.3528 MAE=4.4536 n=6545
[item2] a_as_is_cycle_idx rwth: R2=-0.6078 RMSE=30.7668 MAE=24.0027 n=22095
[item2] a_as_is_cycle_idx stanford: R2=0.2566 RMSE=18.4846 MAE=15.8106 n=5633
[item2] a_as_is_cycle_idx stanford_2: R2=0.2288 RMSE=18.2217 MAE=15.8260 n=8465
[item2] a_as_is_cycle_idx isu_ilcc: R2=0.1217 RMSE=33.8097 MAE=29.3655 n=45229
[item2] b_no_cycle_idx IN-DOMAIN: R2=0.9751 RMSE=0.7633 MAE=0.3530
[item2] b_no_cycle_idx Oxford: R2=-2.8436 RMSE=13.3981 MAE=12.8159 n=519
[item2] b_no_cycle_idx HUST: R2=-0.2249 RMSE=8.1652 MAE=5.9042 n=146122
[item2] b_no_cycle_idx XJTU: R2=-0.7873 RMSE=8.0393 MAE=5.9152 n=19238
[item2] b_no_cycle_idx CALCE: R2=0.5414 RMSE=14.5828 MAE=10.4141 n=2941
[item2] b_no_cycle_idx ul_pur: R2=-0.0380 RMSE=6.1725 MAE=3.8455 n=2245
[item2] b_no_cycle_idx hnei: R2=-0.2286 RMSE=19.7915 MAE=15.5269 n=15155
[item2] b_no_cycle_idx snl: R2=-0.0565 RMSE=8.5727 MAE=6.5406 n=38880
[item2] b_no_cycle_idx mich: R2=0.5199 RMSE=15.6176 MAE=7.8600 n=19881
[item2] b_no_cycle_idx mich_exp: R2=0.7180 RMSE=7.2894 MAE=4.0718 n=6545
[item2] b_no_cycle_idx rwth: R2=-0.6408 RMSE=31.0813 MAE=24.1387 n=22095
[item2] b_no_cycle_idx stanford: R2=0.2330 RMSE=18.7754 MAE=16.0983 n=5633
[item2] b_no_cycle_idx stanford_2: R2=0.2060 RMSE=18.4889 MAE=16.0711 n=8465
[item2] b_no_cycle_idx isu_ilcc: R2=0.1071 RMSE=34.0897 MAE=29.4941 n=45229
[item2] c_equivalent_full_cycles IN-DOMAIN: R2=0.9762 RMSE=0.7454 MAE=0.2906
[item2] c_equivalent_full_cycles Oxford: R2=-2.1552 RMSE=12.1392 MAE=11.5308 n=519
[item2] c_equivalent_full_cycles HUST: R2=-0.1325 RMSE=7.8512 MAE=5.5950 n=146122
[item2] c_equivalent_full_cycles XJTU: R2=-0.9126 RMSE=8.3163 MAE=6.3655 n=19238
[item2] c_equivalent_full_cycles CALCE: R2=0.5350 RMSE=14.6843 MAE=10.5916 n=2941
[item2] c_equivalent_full_cycles ul_pur: R2=0.1685 RMSE=5.5244 MAE=3.3830 n=2245
[item2] c_equivalent_full_cycles hnei: R2=-0.1713 RMSE=19.3246 MAE=15.0847 n=15155
[item2] c_equivalent_full_cycles snl: R2=0.0686 RMSE=8.0494 MAE=6.0476 n=38880
[item2] c_equivalent_full_cycles mich: R2=0.5169 RMSE=15.6676 MAE=8.2178 n=19881
[item2] c_equivalent_full_cycles mich_exp: R2=0.7065 RMSE=7.4372 MAE=4.6126 n=6545
[item2] c_equivalent_full_cycles rwth: R2=-0.6106 RMSE=30.7945 MAE=24.0420 n=22095
[item2] c_equivalent_full_cycles stanford: R2=0.2538 RMSE=18.5200 MAE=15.7807 n=5633
[item2] c_equivalent_full_cycles stanford_2: R2=0.2275 RMSE=18.2368 MAE=15.7686 n=8465
[item2] c_equivalent_full_cycles isu_ilcc: R2=0.1132 RMSE=33.9738 MAE=29.5070 n=45229

=== SUMMARY: R2 by variant x eval_set ===
variant           a_as_is_cycle_idx  b_no_cycle_idx  c_equivalent_full_cycles
eval_set                                                                     
CALCE                      0.540856        0.541387                  0.534974
HUST                      -0.165423       -0.224906                 -0.132513
Oxford                    -2.440978       -2.843587                 -2.155232
XJTU                      -0.974189       -0.787313                 -0.912621
hnei                      -0.144281       -0.228561                 -0.171276
in-domain (TEST)           0.975614        0.975090                  0.976246
isu_ilcc                   0.121743        0.107136                  0.113198
mich                       0.525785        0.519938                  0.516862
mich_exp                   0.713113        0.718044                  0.706496
rwth                      -0.607753       -0.640788                 -0.610648
snl                        0.096576       -0.056505                  0.068551
stanford                   0.256621        0.233046                  0.253773
stanford_2                 0.228816        0.206032                  0.227535
ul_pur                     0.157407       -0.038017                  0.168518

[item2] cycle_idx's in-domain R2 contribution (a - b): +0.0005
[item2] cycle_idx's MEAN zero-retrain R2 contribution across 13 held-out sets (a - b): +0.0617
[item2] cycle_idx makes zero-retrain WORSE on 3/13 held-out sets
[item2] VERDICT: cycle_idx provides negligible in-domain benefit either way - inconclusive on the shortcut question.

[item2] TOTAL TIME: 4.60 minutes
