C:\Users\manoj\OneDrive\Desktop\battery-prognostics\.venv\Lib\site-packages\mapie\utils.py:1540: UserWarning: Estimator does not appear fitted. At least one of the expected attributes is missing in : ['n_features_in_', 'classes_', 'coef_', 'feature_names_in_', 'tree_', 'estimators_', 'fitted_'].
  warnings.warn(
C:\Users\manoj\OneDrive\Desktop\battery-prognostics\.venv\Lib\site-packages\mapie\utils.py:1540: UserWarning: Estimator does not appear fitted. At least one of the expected attributes is missing in : ['n_features_in_', 'classes_', 'coef_', 'feature_names_in_', 'tree_', 'estimators_', 'fitted_'].
  warnings.warn(
C:\Users\manoj\OneDrive\Desktop\battery-prognostics\.venv\Lib\site-packages\mapie\utils.py:1540: UserWarning: Estimator does not appear fitted. At least one of the expected attributes is missing in : ['n_features_in_', 'classes_', 'coef_', 'feature_names_in_', 'tree_', 'estimators_', 'fitted_'].
  warnings.warn(
C:\Users\manoj\OneDrive\Desktop\battery-prognostics\.venv\Lib\site-packages\mapie\utils.py:1540: UserWarning: Estimator does not appear fitted. At least one of the expected attributes is missing in : ['n_features_in_', 'classes_', 'coef_', 'feature_names_in_', 'tree_', 'estimators_', 'fitted_'].
  warnings.warn(
C:\Users\manoj\OneDrive\Desktop\battery-prognostics\.venv\Lib\site-packages\mapie\utils.py:1540: UserWarning: Estimator does not appear fitted. At least one of the expected attributes is missing in : ['n_features_in_', 'classes_', 'coef_', 'feature_names_in_', 'tree_', 'estimators_', 'fitted_'].
  warnings.warn(
C:\Users\manoj\OneDrive\Desktop\battery-prognostics\.venv\Lib\site-packages\mapie\utils.py:1540: UserWarning: Estimator does not appear fitted. At least one of the expected attributes is missing in : ['n_features_in_', 'classes_', 'coef_', 'feature_names_in_', 'tree_', 'estimators_', 'fitted_'].
  warnings.warn(
C:\Users\manoj\OneDrive\Desktop\battery-prognostics\.venv\Lib\site-packages\mapie\utils.py:1540: UserWarning: Estimator does not appear fitted. At least one of the expected attributes is missing in : ['n_features_in_', 'classes_', 'coef_', 'feature_names_in_', 'tree_', 'estimators_', 'fitted_'].
  warnings.warn(
C:\Users\manoj\OneDrive\Desktop\battery-prognostics\.venv\Lib\site-packages\mapie\utils.py:1540: UserWarning: Estimator does not appear fitted. At least one of the expected attributes is missing in : ['n_features_in_', 'classes_', 'coef_', 'feature_names_in_', 'tree_', 'estimators_', 'fitted_'].
  warnings.warn(
C:\Users\manoj\OneDrive\Desktop\battery-prognostics\.venv\Lib\site-packages\mapie\utils.py:1540: UserWarning: Estimator does not appear fitted. At least one of the expected attributes is missing in : ['n_features_in_', 'classes_', 'coef_', 'feature_names_in_', 'tree_', 'estimators_', 'fitted_'].
  warnings.warn(
C:\Users\manoj\OneDrive\Desktop\battery-prognostics\.venv\Lib\site-packages\mapie\utils.py:1540: UserWarning: Estimator does not appear fitted. At least one of the expected attributes is missing in : ['n_features_in_', 'classes_', 'coef_', 'feature_names_in_', 'tree_', 'estimators_', 'fitted_'].
  warnings.warn(
C:\Users\manoj\OneDrive\Desktop\battery-prognostics\.venv\Lib\site-packages\mapie\utils.py:1540: UserWarning: Estimator does not appear fitted. At least one of the expected attributes is missing in : ['n_features_in_', 'classes_', 'coef_', 'feature_names_in_', 'tree_', 'estimators_', 'fitted_'].
  warnings.warn(
C:\Users\manoj\OneDrive\Desktop\battery-prognostics\.venv\Lib\site-packages\mapie\utils.py:1540: UserWarning: Estimator does not appear fitted. At least one of the expected attributes is missing in : ['n_features_in_', 'classes_', 'coef_', 'feature_names_in_', 'tree_', 'estimators_', 'fitted_'].
  warnings.warn(
C:\Users\manoj\OneDrive\Desktop\battery-prognostics\.venv\Lib\site-packages\mapie\utils.py:1540: UserWarning: Estimator does not appear fitted. At least one of the expected attributes is missing in : ['n_features_in_', 'classes_', 'coef_', 'feature_names_in_', 'tree_', 'estimators_', 'fitted_'].
  warnings.warn(
C:\Users\manoj\OneDrive\Desktop\battery-prognostics\.venv\Lib\site-packages\mapie\utils.py:1540: UserWarning: Estimator does not appear fitted. At least one of the expected attributes is missing in : ['n_features_in_', 'classes_', 'coef_', 'feature_names_in_', 'tree_', 'estimators_', 'fitted_'].
  warnings.warn(
C:\Users\manoj\OneDrive\Desktop\battery-prognostics\.venv\Lib\site-packages\mapie\utils.py:1540: UserWarning: Estimator does not appear fitted. At least one of the expected attributes is missing in : ['n_features_in_', 'classes_', 'coef_', 'feature_names_in_', 'tree_', 'estimators_', 'fitted_'].
  warnings.warn(
C:\Users\manoj\OneDrive\Desktop\battery-prognostics\.venv\Lib\site-packages\mapie\utils.py:1540: UserWarning: Estimator does not appear fitted. At least one of the expected attributes is missing in : ['n_features_in_', 'classes_', 'coef_', 'feature_names_in_', 'tree_', 'estimators_', 'fitted_'].
  warnings.warn(
C:\Users\manoj\OneDrive\Desktop\battery-prognostics\.venv\Lib\site-packages\mapie\utils.py:1540: UserWarning: Estimator does not appear fitted. At least one of the expected attributes is missing in : ['n_features_in_', 'classes_', 'coef_', 'feature_names_in_', 'tree_', 'estimators_', 'fitted_'].
  warnings.warn(
C:\Users\manoj\OneDrive\Desktop\battery-prognostics\.venv\Lib\site-packages\mapie\utils.py:1540: UserWarning: Estimator does not appear fitted. At least one of the expected attributes is missing in : ['n_features_in_', 'classes_', 'coef_', 'feature_names_in_', 'tree_', 'estimators_', 'fitted_'].
  warnings.warn(
C:\Users\manoj\OneDrive\Desktop\battery-prognostics\.venv\Lib\site-packages\mapie\utils.py:1540: UserWarning: Estimator does not appear fitted. At least one of the expected attributes is missing in : ['n_features_in_', 'classes_', 'coef_', 'feature_names_in_', 'tree_', 'estimators_', 'fitted_'].
  warnings.warn(
C:\Users\manoj\OneDrive\Desktop\battery-prognostics\.venv\Lib\site-packages\mapie\utils.py:1540: UserWarning: Estimator does not appear fitted. At least one of the expected attributes is missing in : ['n_features_in_', 'classes_', 'coef_', 'feature_names_in_', 'tree_', 'estimators_', 'fitted_'].
  warnings.warn(
[corrected-embeddings] ul_pur: 2245 parquet rows -> 2245 rows with corrected old-encoder embeddings (max |fusion| 8.47)
C:\Users\manoj\OneDrive\Desktop\battery-prognostics\.venv\Lib\site-packages\mapie\utils.py:1540: UserWarning: Estimator does not appear fitted. At least one of the expected attributes is missing in : ['n_features_in_', 'classes_', 'coef_', 'feature_names_in_', 'tree_', 'estimators_', 'fitted_'].
  warnings.warn(
C:\Users\manoj\OneDrive\Desktop\battery-prognostics\.venv\Lib\site-packages\mapie\utils.py:1540: UserWarning: Estimator does not appear fitted. At least one of the expected attributes is missing in : ['n_features_in_', 'classes_', 'coef_', 'feature_names_in_', 'tree_', 'estimators_', 'fitted_'].
  warnings.warn(
C:\Users\manoj\OneDrive\Desktop\battery-prognostics\.venv\Lib\site-packages\mapie\utils.py:1540: UserWarning: Estimator does not appear fitted. At least one of the expected attributes is missing in : ['n_features_in_', 'classes_', 'coef_', 'feature_names_in_', 'tree_', 'estimators_', 'fitted_'].
  warnings.warn(
C:\Users\manoj\OneDrive\Desktop\battery-prognostics\.venv\Lib\site-packages\mapie\utils.py:1540: UserWarning: Estimator does not appear fitted. At least one of the expected attributes is missing in : ['n_features_in_', 'classes_', 'coef_', 'feature_names_in_', 'tree_', 'estimators_', 'fitted_'].
  warnings.warn(
C:\Users\manoj\OneDrive\Desktop\battery-prognostics\.venv\Lib\site-packages\mapie\utils.py:1540: UserWarning: Estimator does not appear fitted. At least one of the expected attributes is missing in : ['n_features_in_', 'classes_', 'coef_', 'feature_names_in_', 'tree_', 'estimators_', 'fitted_'].
  warnings.warn(
[corrected-embeddings] hnei: 15155 parquet rows -> 15155 rows with corrected old-encoder embeddings (max |fusion| 9.39)
C:\Users\manoj\OneDrive\Desktop\battery-prognostics\.venv\Lib\site-packages\mapie\utils.py:1540: UserWarning: Estimator does not appear fitted. At least one of the expected attributes is missing in : ['n_features_in_', 'classes_', 'coef_', 'feature_names_in_', 'tree_', 'estimators_', 'fitted_'].
  warnings.warn(
C:\Users\manoj\OneDrive\Desktop\battery-prognostics\.venv\Lib\site-packages\mapie\utils.py:1540: UserWarning: Estimator does not appear fitted. At least one of the expected attributes is missing in : ['n_features_in_', 'classes_', 'coef_', 'feature_names_in_', 'tree_', 'estimators_', 'fitted_'].
  warnings.warn(
C:\Users\manoj\OneDrive\Desktop\battery-prognostics\.venv\Lib\site-packages\mapie\utils.py:1540: UserWarning: Estimator does not appear fitted. At least one of the expected attributes is missing in : ['n_features_in_', 'classes_', 'coef_', 'feature_names_in_', 'tree_', 'estimators_', 'fitted_'].
  warnings.warn(
C:\Users\manoj\OneDrive\Desktop\battery-prognostics\.venv\Lib\site-packages\mapie\utils.py:1540: UserWarning: Estimator does not appear fitted. At least one of the expected attributes is missing in : ['n_features_in_', 'classes_', 'coef_', 'feature_names_in_', 'tree_', 'estimators_', 'fitted_'].
  warnings.warn(
C:\Users\manoj\OneDrive\Desktop\battery-prognostics\.venv\Lib\site-packages\mapie\utils.py:1540: UserWarning: Estimator does not appear fitted. At least one of the expected attributes is missing in : ['n_features_in_', 'classes_', 'coef_', 'feature_names_in_', 'tree_', 'estimators_', 'fitted_'].
  warnings.warn(
[corrected-embeddings] snl: 38880 parquet rows -> 38880 rows with corrected old-encoder embeddings (max |fusion| 12.32)
C:\Users\manoj\OneDrive\Desktop\battery-prognostics\.venv\Lib\site-packages\mapie\utils.py:1540: UserWarning: Estimator does not appear fitted. At least one of the expected attributes is missing in : ['n_features_in_', 'classes_', 'coef_', 'feature_names_in_', 'tree_', 'estimators_', 'fitted_'].
  warnings.warn(
C:\Users\manoj\OneDrive\Desktop\battery-prognostics\.venv\Lib\site-packages\mapie\utils.py:1540: UserWarning: Estimator does not appear fitted. At least one of the expected attributes is missing in : ['n_features_in_', 'classes_', 'coef_', 'feature_names_in_', 'tree_', 'estimators_', 'fitted_'].
  warnings.warn(
C:\Users\manoj\OneDrive\Desktop\battery-prognostics\.venv\Lib\site-packages\mapie\utils.py:1540: UserWarning: Estimator does not appear fitted. At least one of the expected attributes is missing in : ['n_features_in_', 'classes_', 'coef_', 'feature_names_in_', 'tree_', 'estimators_', 'fitted_'].
  warnings.warn(
C:\Users\manoj\OneDrive\Desktop\battery-prognostics\.venv\Lib\site-packages\mapie\utils.py:1540: UserWarning: Estimator does not appear fitted. At least one of the expected attributes is missing in : ['n_features_in_', 'classes_', 'coef_', 'feature_names_in_', 'tree_', 'estimators_', 'fitted_'].
  warnings.warn(
C:\Users\manoj\OneDrive\Desktop\battery-prognostics\.venv\Lib\site-packages\mapie\utils.py:1540: UserWarning: Estimator does not appear fitted. At least one of the expected attributes is missing in : ['n_features_in_', 'classes_', 'coef_', 'feature_names_in_', 'tree_', 'estimators_', 'fitted_'].
  warnings.warn(
[corrected-embeddings] mich: 19881 parquet rows -> 19881 rows with corrected old-encoder embeddings (max |fusion| 7.81)
C:\Users\manoj\OneDrive\Desktop\battery-prognostics\.venv\Lib\site-packages\mapie\utils.py:1540: UserWarning: Estimator does not appear fitted. At least one of the expected attributes is missing in : ['n_features_in_', 'classes_', 'coef_', 'feature_names_in_', 'tree_', 'estimators_', 'fitted_'].
  warnings.warn(
C:\Users\manoj\OneDrive\Desktop\battery-prognostics\.venv\Lib\site-packages\mapie\utils.py:1540: UserWarning: Estimator does not appear fitted. At least one of the expected attributes is missing in : ['n_features_in_', 'classes_', 'coef_', 'feature_names_in_', 'tree_', 'estimators_', 'fitted_'].
  warnings.warn(
C:\Users\manoj\OneDrive\Desktop\battery-prognostics\.venv\Lib\site-packages\mapie\utils.py:1540: UserWarning: Estimator does not appear fitted. At least one of the expected attributes is missing in : ['n_features_in_', 'classes_', 'coef_', 'feature_names_in_', 'tree_', 'estimators_', 'fitted_'].
  warnings.warn(
C:\Users\manoj\OneDrive\Desktop\battery-prognostics\.venv\Lib\site-packages\mapie\utils.py:1540: UserWarning: Estimator does not appear fitted. At least one of the expected attributes is missing in : ['n_features_in_', 'classes_', 'coef_', 'feature_names_in_', 'tree_', 'estimators_', 'fitted_'].
  warnings.warn(
C:\Users\manoj\OneDrive\Desktop\battery-prognostics\.venv\Lib\site-packages\mapie\utils.py:1540: UserWarning: Estimator does not appear fitted. At least one of the expected attributes is missing in : ['n_features_in_', 'classes_', 'coef_', 'feature_names_in_', 'tree_', 'estimators_', 'fitted_'].
  warnings.warn(
[corrected-embeddings] mich_exp: 6545 parquet rows -> 6545 rows with corrected old-encoder embeddings (max |fusion| 10.44)
C:\Users\manoj\OneDrive\Desktop\battery-prognostics\.venv\Lib\site-packages\mapie\utils.py:1540: UserWarning: Estimator does not appear fitted. At least one of the expected attributes is missing in : ['n_features_in_', 'classes_', 'coef_', 'feature_names_in_', 'tree_', 'estimators_', 'fitted_'].
  warnings.warn(
C:\Users\manoj\OneDrive\Desktop\battery-prognostics\.venv\Lib\site-packages\mapie\utils.py:1540: UserWarning: Estimator does not appear fitted. At least one of the expected attributes is missing in : ['n_features_in_', 'classes_', 'coef_', 'feature_names_in_', 'tree_', 'estimators_', 'fitted_'].
  warnings.warn(
C:\Users\manoj\OneDrive\Desktop\battery-prognostics\.venv\Lib\site-packages\mapie\utils.py:1540: UserWarning: Estimator does not appear fitted. At least one of the expected attributes is missing in : ['n_features_in_', 'classes_', 'coef_', 'feature_names_in_', 'tree_', 'estimators_', 'fitted_'].
  warnings.warn(
C:\Users\manoj\OneDrive\Desktop\battery-prognostics\.venv\Lib\site-packages\mapie\utils.py:1540: UserWarning: Estimator does not appear fitted. At least one of the expected attributes is missing in : ['n_features_in_', 'classes_', 'coef_', 'feature_names_in_', 'tree_', 'estimators_', 'fitted_'].
  warnings.warn(
C:\Users\manoj\OneDrive\Desktop\battery-prognostics\.venv\Lib\site-packages\mapie\utils.py:1540: UserWarning: Estimator does not appear fitted. At least one of the expected attributes is missing in : ['n_features_in_', 'classes_', 'coef_', 'feature_names_in_', 'tree_', 'estimators_', 'fitted_'].
  warnings.warn(
[corrected-embeddings] rwth: 22095 parquet rows -> 22095 rows with corrected old-encoder embeddings (max |fusion| 26.67)
C:\Users\manoj\OneDrive\Desktop\battery-prognostics\.venv\Lib\site-packages\mapie\utils.py:1540: UserWarning: Estimator does not appear fitted. At least one of the expected attributes is missing in : ['n_features_in_', 'classes_', 'coef_', 'feature_names_in_', 'tree_', 'estimators_', 'fitted_'].
  warnings.warn(
C:\Users\manoj\OneDrive\Desktop\battery-prognostics\.venv\Lib\site-packages\mapie\utils.py:1540: UserWarning: Estimator does not appear fitted. At least one of the expected attributes is missing in : ['n_features_in_', 'classes_', 'coef_', 'feature_names_in_', 'tree_', 'estimators_', 'fitted_'].
  warnings.warn(
C:\Users\manoj\OneDrive\Desktop\battery-prognostics\.venv\Lib\site-packages\mapie\utils.py:1540: UserWarning: Estimator does not appear fitted. At least one of the expected attributes is missing in : ['n_features_in_', 'classes_', 'coef_', 'feature_names_in_', 'tree_', 'estimators_', 'fitted_'].
  warnings.warn(
C:\Users\manoj\OneDrive\Desktop\battery-prognostics\.venv\Lib\site-packages\mapie\utils.py:1540: UserWarning: Estimator does not appear fitted. At least one of the expected attributes is missing in : ['n_features_in_', 'classes_', 'coef_', 'feature_names_in_', 'tree_', 'estimators_', 'fitted_'].
  warnings.warn(
C:\Users\manoj\OneDrive\Desktop\battery-prognostics\.venv\Lib\site-packages\mapie\utils.py:1540: UserWarning: Estimator does not appear fitted. At least one of the expected attributes is missing in : ['n_features_in_', 'classes_', 'coef_', 'feature_names_in_', 'tree_', 'estimators_', 'fitted_'].
  warnings.warn(
[corrected-embeddings] stanford: 5633 parquet rows -> 5633 rows with corrected old-encoder embeddings (max |fusion| 6.04)
C:\Users\manoj\OneDrive\Desktop\battery-prognostics\.venv\Lib\site-packages\mapie\utils.py:1540: UserWarning: Estimator does not appear fitted. At least one of the expected attributes is missing in : ['n_features_in_', 'classes_', 'coef_', 'feature_names_in_', 'tree_', 'estimators_', 'fitted_'].
  warnings.warn(
C:\Users\manoj\OneDrive\Desktop\battery-prognostics\.venv\Lib\site-packages\mapie\utils.py:1540: UserWarning: Estimator does not appear fitted. At least one of the expected attributes is missing in : ['n_features_in_', 'classes_', 'coef_', 'feature_names_in_', 'tree_', 'estimators_', 'fitted_'].
  warnings.warn(
C:\Users\manoj\OneDrive\Desktop\battery-prognostics\.venv\Lib\site-packages\mapie\utils.py:1540: UserWarning: Estimator does not appear fitted. At least one of the expected attributes is missing in : ['n_features_in_', 'classes_', 'coef_', 'feature_names_in_', 'tree_', 'estimators_', 'fitted_'].
  warnings.warn(
C:\Users\manoj\OneDrive\Desktop\battery-prognostics\.venv\Lib\site-packages\mapie\utils.py:1540: UserWarning: Estimator does not appear fitted. At least one of the expected attributes is missing in : ['n_features_in_', 'classes_', 'coef_', 'feature_names_in_', 'tree_', 'estimators_', 'fitted_'].
  warnings.warn(
C:\Users\manoj\OneDrive\Desktop\battery-prognostics\.venv\Lib\site-packages\mapie\utils.py:1540: UserWarning: Estimator does not appear fitted. At least one of the expected attributes is missing in : ['n_features_in_', 'classes_', 'coef_', 'feature_names_in_', 'tree_', 'estimators_', 'fitted_'].
  warnings.warn(
[corrected-embeddings] stanford_2: 8465 parquet rows -> 8465 rows with corrected old-encoder embeddings (max |fusion| 6.05)
C:\Users\manoj\OneDrive\Desktop\battery-prognostics\.venv\Lib\site-packages\mapie\utils.py:1540: UserWarning: Estimator does not appear fitted. At least one of the expected attributes is missing in : ['n_features_in_', 'classes_', 'coef_', 'feature_names_in_', 'tree_', 'estimators_', 'fitted_'].
  warnings.warn(
C:\Users\manoj\OneDrive\Desktop\battery-prognostics\.venv\Lib\site-packages\mapie\utils.py:1540: UserWarning: Estimator does not appear fitted. At least one of the expected attributes is missing in : ['n_features_in_', 'classes_', 'coef_', 'feature_names_in_', 'tree_', 'estimators_', 'fitted_'].
  warnings.warn(
C:\Users\manoj\OneDrive\Desktop\battery-prognostics\.venv\Lib\site-packages\mapie\utils.py:1540: UserWarning: Estimator does not appear fitted. At least one of the expected attributes is missing in : ['n_features_in_', 'classes_', 'coef_', 'feature_names_in_', 'tree_', 'estimators_', 'fitted_'].
  warnings.warn(
C:\Users\manoj\OneDrive\Desktop\battery-prognostics\.venv\Lib\site-packages\mapie\utils.py:1540: UserWarning: Estimator does not appear fitted. At least one of the expected attributes is missing in : ['n_features_in_', 'classes_', 'coef_', 'feature_names_in_', 'tree_', 'estimators_', 'fitted_'].
  warnings.warn(
C:\Users\manoj\OneDrive\Desktop\battery-prognostics\.venv\Lib\site-packages\mapie\utils.py:1540: UserWarning: Estimator does not appear fitted. At least one of the expected attributes is missing in : ['n_features_in_', 'classes_', 'coef_', 'feature_names_in_', 'tree_', 'estimators_', 'fitted_'].
  warnings.warn(
[corrected-embeddings] isu_ilcc: 45229 parquet rows -> 45229 rows with corrected old-encoder embeddings (max |fusion| 3.94)
C:\Users\manoj\OneDrive\Desktop\battery-prognostics\.venv\Lib\site-packages\mapie\utils.py:1540: UserWarning: Estimator does not appear fitted. At least one of the expected attributes is missing in : ['n_features_in_', 'classes_', 'coef_', 'feature_names_in_', 'tree_', 'estimators_', 'fitted_'].
  warnings.warn(
C:\Users\manoj\OneDrive\Desktop\battery-prognostics\.venv\Lib\site-packages\mapie\utils.py:1540: UserWarning: Estimator does not appear fitted. At least one of the expected attributes is missing in : ['n_features_in_', 'classes_', 'coef_', 'feature_names_in_', 'tree_', 'estimators_', 'fitted_'].
  warnings.warn(
C:\Users\manoj\OneDrive\Desktop\battery-prognostics\.venv\Lib\site-packages\mapie\utils.py:1540: UserWarning: Estimator does not appear fitted. At least one of the expected attributes is missing in : ['n_features_in_', 'classes_', 'coef_', 'feature_names_in_', 'tree_', 'estimators_', 'fitted_'].
  warnings.warn(
C:\Users\manoj\OneDrive\Desktop\battery-prognostics\.venv\Lib\site-packages\mapie\utils.py:1540: UserWarning: Estimator does not appear fitted. At least one of the expected attributes is missing in : ['n_features_in_', 'classes_', 'coef_', 'feature_names_in_', 'tree_', 'estimators_', 'fitted_'].
  warnings.warn(
C:\Users\manoj\OneDrive\Desktop\battery-prognostics\.venv\Lib\site-packages\mapie\utils.py:1540: UserWarning: Estimator does not appear fitted. At least one of the expected attributes is missing in : ['n_features_in_', 'classes_', 'coef_', 'feature_names_in_', 'tree_', 'estimators_', 'fitted_'].
  warnings.warn(
=== Final pass item 3: few-shot conformal calibration (coverage recovery vs. k) ===
[stage1-duration] WARNING: 4 batteries have no cycle_idx==10 row at all: ['B0038', 'B0039', 'B0040', 'B0041'] - falling back to each such battery's own first available cycle as baseline.
[stage1-duration] ICHV -> ICHV_rel: 0 batteries used median-fallback baseline, 0 non-finite output values (of 29705 rows)
[stage1-duration] TEVD -> TEVD_rel: 0 batteries used median-fallback baseline, 0 non-finite output values (of 29705 rows)
[stage1-duration] TEVI -> TEVI_rel: 0 batteries used median-fallback baseline, 0 non-finite output values (of 29705 rows)
[stage1-duration] WARNING: 4 batteries have no cycle_idx==10 row at all: ['B0038', 'B0039', 'B0040', 'B0041'] - falling back to each such battery's own first available cycle as baseline.
[stage1-duration] ICHV -> ICHV_rel: 0 batteries used median-fallback baseline, 0 non-finite output values (of 29705 rows)
[stage1-duration] TEVD -> TEVD_rel: 0 batteries used median-fallback baseline, 0 non-finite output values (of 29705 rows)
[stage1-duration] TEVI -> TEVI_rel: 0 batteries used median-fallback baseline, 0 non-finite output values (of 29705 rows)
[extended-reformulation] SCV -> SCV_rel (ratio): 0 batteries used median-fallback baseline, 0 non-finite output values
[extended-reformulation] MET -> MET_rel (ratio): 0 batteries used median-fallback baseline, 0 non-finite output values
[extended-reformulation] MATD -> MATD_rel (delta): 2943 non-finite output values
[extended-reformulation] VIECT -> VIECT_rel (delta): 0 non-finite output values
[item3] in-domain calib half: 1746 rows (base repr), 1746 rows (extended repr), from 3 calib batteries
[extended-reformulation] SCV -> SCV_rel (ratio): 0 batteries used median-fallback baseline, 0 non-finite output values
[extended-reformulation] MET -> MET_rel (ratio): 0 batteries used median-fallback baseline, 0 non-finite output values
[extended-reformulation] MATD -> MATD_rel (delta): 2941 non-finite output values
[extended-reformulation] VIECT -> VIECT_rel (delta): 0 non-finite output values
[extended-reformulation] SCV -> SCV_rel (ratio): 0 batteries used median-fallback baseline, 0 non-finite output values
[extended-reformulation] MET -> MET_rel (ratio): 0 batteries used median-fallback baseline, 0 non-finite output values
[extended-reformulation] MATD -> MATD_rel (delta): 0 non-finite output values
[extended-reformulation] VIECT -> VIECT_rel (delta): 0 non-finite output values
[extended-reformulation] SCV -> SCV_rel (ratio): 0 batteries used median-fallback baseline, 0 non-finite output values
[extended-reformulation] MET -> MET_rel (ratio): 0 batteries used median-fallback baseline, 0 non-finite output values
[extended-reformulation] MATD -> MATD_rel (delta): 146122 non-finite output values
[extended-reformulation] VIECT -> VIECT_rel (delta): 0 non-finite output values
[extended-reformulation] SCV -> SCV_rel (ratio): 0 batteries used median-fallback baseline, 0 non-finite output values
[extended-reformulation] MET -> MET_rel (ratio): 0 batteries used median-fallback baseline, 0 non-finite output values
[extended-reformulation] MATD -> MATD_rel (delta): 0 non-finite output values
[extended-reformulation] VIECT -> VIECT_rel (delta): 0 non-finite output values
[item3] CALCE k=0 (n_sampled=0): coverage=0.043 width=0.813 n_eval=2941 method=MAPIE.SplitConformalRegressor
[item3] CALCE k=5 (n_sampled=5): coverage=0.045 width=0.833 n_eval=2936 method=MAPIE.SplitConformalRegressor
[item3] CALCE k=10 (n_sampled=10): coverage=0.046 width=0.854 n_eval=2931 method=MAPIE.SplitConformalRegressor
[item3] CALCE k=20 (n_sampled=20): coverage=0.047 width=0.898 n_eval=2921 method=MAPIE.SplitConformalRegressor
[item3] CALCE k=50 (n_sampled=50): coverage=0.075 width=1.416 n_eval=2891 method=MAPIE.SplitConformalRegressor
[item3] Oxford k=0 (n_sampled=0): coverage=0.054 width=0.813 n_eval=519 method=MAPIE.SplitConformalRegressor
[item3] Oxford k=5 (n_sampled=5): coverage=0.054 width=0.833 n_eval=514 method=MAPIE.SplitConformalRegressor
[item3] Oxford k=10 (n_sampled=10): coverage=0.057 width=0.854 n_eval=509 method=MAPIE.SplitConformalRegressor
[item3] Oxford k=20 (n_sampled=20): coverage=0.064 width=0.926 n_eval=499 method=MAPIE.SplitConformalRegressor
[item3] Oxford k=50 (n_sampled=50): coverage=0.177 width=1.476 n_eval=469 method=MAPIE.SplitConformalRegressor
[item3] HUST k=0 (n_sampled=0): coverage=0.085 width=0.813 n_eval=146122 method=MAPIE.SplitConformalRegressor
[item3] HUST k=5 (n_sampled=5): coverage=0.087 width=0.833 n_eval=146117 method=MAPIE.SplitConformalRegressor
[item3] HUST k=10 (n_sampled=10): coverage=0.089 width=0.842 n_eval=146112 method=MAPIE.SplitConformalRegressor
[item3] HUST k=20 (n_sampled=20): coverage=0.096 width=0.904 n_eval=146102 method=MAPIE.SplitConformalRegressor
[item3] HUST k=50 (n_sampled=50): coverage=0.152 width=1.395 n_eval=146072 method=MAPIE.SplitConformalRegressor
[item3] XJTU k=0 (n_sampled=0): coverage=0.110 width=2.288 n_eval=19238 method=MAPIE.SplitConformalRegressor
[item3] XJTU k=5 (n_sampled=5): coverage=0.111 width=2.299 n_eval=19233 method=MAPIE.SplitConformalRegressor
[item3] XJTU k=10 (n_sampled=10): coverage=0.113 width=2.349 n_eval=19228 method=MAPIE.SplitConformalRegressor
[item3] XJTU k=20 (n_sampled=20): coverage=0.116 width=2.393 n_eval=19218 method=MAPIE.SplitConformalRegressor
[item3] XJTU k=50 (n_sampled=50): coverage=0.127 width=2.609 n_eval=19188 method=MAPIE.SplitConformalRegressor
[item3] ul_pur k=0 (n_sampled=0): coverage=0.396 width=2.288 n_eval=2245 method=MAPIE.SplitConformalRegressor
[item3] ul_pur k=5 (n_sampled=5): coverage=0.396 width=2.293 n_eval=2240 method=MAPIE.SplitConformalRegressor
[item3] ul_pur k=10 (n_sampled=10): coverage=0.395 width=2.293 n_eval=2235 method=MAPIE.SplitConformalRegressor
[item3] ul_pur k=20 (n_sampled=20): coverage=0.396 width=2.310 n_eval=2225 method=MAPIE.SplitConformalRegressor
[item3] ul_pur k=50 (n_sampled=50): coverage=0.397 width=2.349 n_eval=2195 method=MAPIE.SplitConformalRegressor
[item3] hnei k=0 (n_sampled=0): coverage=0.142 width=2.288 n_eval=15155 method=MAPIE.SplitConformalRegressor
[item3] hnei k=5 (n_sampled=5): coverage=0.142 width=2.293 n_eval=15150 method=MAPIE.SplitConformalRegressor
[item3] hnei k=10 (n_sampled=10): coverage=0.142 width=2.299 n_eval=15145 method=MAPIE.SplitConformalRegressor
[item3] hnei k=20 (n_sampled=20): coverage=0.144 width=2.370 n_eval=15135 method=MAPIE.SplitConformalRegressor
[item3] hnei k=50 (n_sampled=50): coverage=0.145 width=2.409 n_eval=15105 method=MAPIE.SplitConformalRegressor
[item3] snl k=0 (n_sampled=0): coverage=0.111 width=2.288 n_eval=38880 method=MAPIE.SplitConformalRegressor
[item3] snl k=5 (n_sampled=5): coverage=0.111 width=2.298 n_eval=38875 method=MAPIE.SplitConformalRegressor
[item3] snl k=10 (n_sampled=10): coverage=0.113 width=2.351 n_eval=38870 method=MAPIE.SplitConformalRegressor
[item3] snl k=20 (n_sampled=20): coverage=0.114 width=2.373 n_eval=38860 method=MAPIE.SplitConformalRegressor
[item3] snl k=50 (n_sampled=50): coverage=0.122 width=2.576 n_eval=38830 method=MAPIE.SplitConformalRegressor
[item3] mich k=0 (n_sampled=0): coverage=0.302 width=2.288 n_eval=19881 method=MAPIE.SplitConformalRegressor
[item3] mich k=5 (n_sampled=5): coverage=0.302 width=2.288 n_eval=19876 method=MAPIE.SplitConformalRegressor
[item3] mich k=10 (n_sampled=10): coverage=0.304 width=2.298 n_eval=19871 method=MAPIE.SplitConformalRegressor
[item3] mich k=20 (n_sampled=20): coverage=0.304 width=2.299 n_eval=19861 method=MAPIE.SplitConformalRegressor
[item3] mich k=50 (n_sampled=50): coverage=0.330 width=2.419 n_eval=19831 method=MAPIE.SplitConformalRegressor
[item3] mich_exp k=0 (n_sampled=0): coverage=0.334 width=2.288 n_eval=6545 method=MAPIE.SplitConformalRegressor
[item3] mich_exp k=5 (n_sampled=5): coverage=0.334 width=2.298 n_eval=6540 method=MAPIE.SplitConformalRegressor
[item3] mich_exp k=10 (n_sampled=10): coverage=0.334 width=2.298 n_eval=6535 method=MAPIE.SplitConformalRegressor
[item3] mich_exp k=20 (n_sampled=20): coverage=0.333 width=2.299 n_eval=6525 method=MAPIE.SplitConformalRegressor
[item3] mich_exp k=50 (n_sampled=50): coverage=0.342 width=2.396 n_eval=6495 method=MAPIE.SplitConformalRegressor
[item3] rwth k=0 (n_sampled=0): coverage=0.046 width=2.288 n_eval=22095 method=MAPIE.SplitConformalRegressor
[item3] rwth k=5 (n_sampled=5): coverage=0.046 width=2.299 n_eval=22090 method=MAPIE.SplitConformalRegressor
[item3] rwth k=10 (n_sampled=10): coverage=0.047 width=2.349 n_eval=22085 method=MAPIE.SplitConformalRegressor
[item3] rwth k=20 (n_sampled=20): coverage=0.047 width=2.396 n_eval=22075 method=MAPIE.SplitConformalRegressor
[item3] rwth k=50 (n_sampled=50): coverage=0.051 width=2.581 n_eval=22045 method=MAPIE.SplitConformalRegressor
[item3] stanford k=0 (n_sampled=0): coverage=0.017 width=2.288 n_eval=5633 method=MAPIE.SplitConformalRegressor
[item3] stanford k=5 (n_sampled=5): coverage=0.017 width=2.299 n_eval=5628 method=MAPIE.SplitConformalRegressor
[item3] stanford k=10 (n_sampled=10): coverage=0.017 width=2.351 n_eval=5623 method=MAPIE.SplitConformalRegressor
[item3] stanford k=20 (n_sampled=20): coverage=0.017 width=2.396 n_eval=5613 method=MAPIE.SplitConformalRegressor
[item3] stanford k=50 (n_sampled=50): coverage=0.018 width=2.609 n_eval=5583 method=MAPIE.SplitConformalRegressor
[item3] stanford_2 k=0 (n_sampled=0): coverage=0.018 width=2.288 n_eval=8465 method=MAPIE.SplitConformalRegressor
[item3] stanford_2 k=5 (n_sampled=5): coverage=0.018 width=2.299 n_eval=8460 method=MAPIE.SplitConformalRegressor
[item3] stanford_2 k=10 (n_sampled=10): coverage=0.019 width=2.351 n_eval=8455 method=MAPIE.SplitConformalRegressor
[item3] stanford_2 k=20 (n_sampled=20): coverage=0.019 width=2.396 n_eval=8445 method=MAPIE.SplitConformalRegressor
[item3] stanford_2 k=50 (n_sampled=50): coverage=0.021 width=2.609 n_eval=8415 method=MAPIE.SplitConformalRegressor
[item3] isu_ilcc k=0 (n_sampled=0): coverage=0.015 width=2.288 n_eval=45229 method=MAPIE.SplitConformalRegressor
[item3] isu_ilcc k=5 (n_sampled=5): coverage=0.015 width=2.299 n_eval=45224 method=MAPIE.SplitConformalRegressor
[item3] isu_ilcc k=10 (n_sampled=10): coverage=0.015 width=2.351 n_eval=45219 method=MAPIE.SplitConformalRegressor
[item3] isu_ilcc k=20 (n_sampled=20): coverage=0.016 width=2.396 n_eval=45209 method=MAPIE.SplitConformalRegressor
[item3] isu_ilcc k=50 (n_sampled=50): coverage=0.017 width=2.609 n_eval=45179 method=MAPIE.SplitConformalRegressor

=== SUMMARY: coverage by dataset x k ===
k                 0         5         10        20        50
dataset                                                     
CALCE       0.042843  0.044959  0.045718  0.047244  0.074715
HUST        0.085018  0.087450  0.088542  0.095632  0.152124
Oxford      0.053950  0.054475  0.056974  0.064128  0.176972
XJTU        0.110043  0.111007  0.113480  0.115725  0.127111
hnei        0.142065  0.141914  0.141895  0.144301  0.145449
isu_ilcc    0.015035  0.015169  0.015458  0.015705  0.016756
mich        0.302248  0.302123  0.304061  0.303963  0.329736
mich_exp    0.333995  0.334404  0.333894  0.333487  0.341801
rwth        0.045666  0.045994  0.046502  0.047022  0.050578
snl         0.110777  0.111100  0.112735  0.113896  0.122199
stanford    0.016510  0.016525  0.017073  0.017103  0.018270
stanford_2  0.018074  0.018085  0.018687  0.018946  0.020915
ul_pur      0.396437  0.395982  0.394631  0.396404  0.397267

=== SUMMARY: avg_width by dataset x k ===
k                 0         5         10        20        50
dataset                                                     
CALCE       0.812726  0.832651  0.854342  0.897521  1.416074
HUST        0.812726  0.832651  0.842182  0.904277  1.395486
Oxford      0.812726  0.832651  0.854342  0.925854  1.476448
XJTU        2.287514  2.298637  2.349359  2.392892  2.609153
hnei        2.287514  2.293481  2.298637  2.370159  2.408714
isu_ilcc    2.287514  2.298637  2.350722  2.396163  2.609153
mich        2.287514  2.287514  2.297624  2.298637  2.419397
mich_exp    2.287514  2.297565  2.297565  2.298637  2.396163
rwth        2.287514  2.298637  2.349359  2.396163  2.580508
snl         2.287514  2.297624  2.350722  2.373200  2.575516
stanford    2.287514  2.298637  2.350722  2.396163  2.609153
stanford_2  2.287514  2.298637  2.350722  2.396163  2.609153
ul_pur      2.287514  2.293481  2.293481  2.309993  2.349359

[item3] MEAN coverage across all 13 held-out datasets, by k (target=90%):
    k=0: mean coverage=0.129, mean width=1.947
    k=5: mean coverage=0.129, mean width=1.959
    k=10: mean coverage=0.130, mean width=1.988
    k=20: mean coverage=0.132, mean width=2.027
    k=50: mean coverage=0.152, mean width=2.266

[item3] TOTAL TIME: 4.57 minutes
