[corrected-embeddings] ul_pur: 2245 parquet rows -> 2245 rows with corrected old-encoder embeddings (max |fusion| 8.47)
[corrected-embeddings] hnei: 15155 parquet rows -> 15155 rows with corrected old-encoder embeddings (max |fusion| 9.39)
[corrected-embeddings] snl: 38880 parquet rows -> 38880 rows with corrected old-encoder embeddings (max |fusion| 12.32)
[corrected-embeddings] mich: 19881 parquet rows -> 19881 rows with corrected old-encoder embeddings (max |fusion| 7.81)
[corrected-embeddings] mich_exp: 6545 parquet rows -> 6545 rows with corrected old-encoder embeddings (max |fusion| 10.44)
[corrected-embeddings] rwth: 22095 parquet rows -> 22095 rows with corrected old-encoder embeddings (max |fusion| 26.67)
[corrected-embeddings] stanford: 5633 parquet rows -> 5633 rows with corrected old-encoder embeddings (max |fusion| 6.04)
[corrected-embeddings] stanford_2: 8465 parquet rows -> 8465 rows with corrected old-encoder embeddings (max |fusion| 6.05)
[corrected-embeddings] isu_ilcc: 45229 parquet rows -> 45229 rows with corrected old-encoder embeddings (max |fusion| 3.94)
=== Final pass 2, item E: shift diagnostics (AUC vs. R2/MAE/coverage correlations + risk-coverage) ===

[itemE] Part 1 input table (n=13 datasets):
   dataset      auc        r2       mae  coverage
     CALCE 1.000000  0.748756  6.256021  0.042843
    Oxford 1.000000  0.939630  1.430954  0.053950
      HUST 0.999992  0.795020  2.642931  0.085018
      XJTU 1.000000 -1.036732  6.457266  0.110043
    ul_pur 1.000000  0.138449  3.429643  0.216481
      hnei 1.000000 -0.137439 14.669471  0.189574
       snl 1.000000  0.118191  5.931526  0.116538
      mich 1.000000  0.536289  7.860614  0.162115
  mich_exp 1.000000  0.715580  4.567170  0.341482
      rwth 1.000000 -0.534557 23.500403  0.047296
  stanford 1.000000  0.290737 15.295142  0.015090
stanford_2 1.000000  0.262704 15.302977  0.016302
  isu_ilcc 1.000000  0.122624 29.409447  0.013222

=== Part 1: AUC correlation with R2/MAE/coverage (n=13, bootstrap 95% CI) ===
[itemE] AUC vs r2: Spearman rho=-0.297 [95% CI -0.820,0.313], Pearson r=-0.306 [95% CI -0.630,0.146]
[itemE] AUC vs mae: Spearman rho=0.416 [95% CI -0.050,0.824], Pearson r=0.285 [95% CI 0.123,0.571]
[itemE] AUC vs coverage: Spearman rho=0.026 [95% CI -0.429,0.490], Pearson r=0.074 [95% CI -0.229,0.325]

=== Part 2: per-battery OOD score + risk-coverage curve ===
[stage1-duration] WARNING: 4 batteries have no cycle_idx==10 row at all: ['B0038', 'B0039', 'B0040', 'B0041'] - falling back to each such battery's own first available cycle as baseline.
[stage1-duration] ICHV -> ICHV_rel: 0 batteries used median-fallback baseline, 0 non-finite output values (of 29705 rows)
[stage1-duration] TEVD -> TEVD_rel: 0 batteries used median-fallback baseline, 0 non-finite output values (of 29705 rows)
[stage1-duration] TEVI -> TEVI_rel: 0 batteries used median-fallback baseline, 0 non-finite output values (of 29705 rows)
[stage1-duration] WARNING: 4 batteries have no cycle_idx==10 row at all: ['B0038', 'B0039', 'B0040', 'B0041'] - falling back to each such battery's own first available cycle as baseline.
[stage1-duration] ICHV -> ICHV_rel: 0 batteries used median-fallback baseline, 0 non-finite output values (of 29705 rows)
[stage1-duration] TEVD -> TEVD_rel: 0 batteries used median-fallback baseline, 0 non-finite output values (of 29705 rows)
[stage1-duration] TEVI -> TEVI_rel: 0 batteries used median-fallback baseline, 0 non-finite output values (of 29705 rows)
[extended-reformulation] SCV -> SCV_rel (ratio): 0 batteries used median-fallback baseline, 0 non-finite output values
[extended-reformulation] MET -> MET_rel (ratio): 0 batteries used median-fallback baseline, 0 non-finite output values
[extended-reformulation] MATD -> MATD_rel (delta): 2943 non-finite output values
[extended-reformulation] VIECT -> VIECT_rel (delta): 0 non-finite output values
[itemE] source-only threshold (90th pctl of in-domain eval-half battery OOD scores, using an in-domain calib-vs-eval classifier, never touching real target data): 0.9173
[extended-reformulation] SCV -> SCV_rel (ratio): 0 batteries used median-fallback baseline, 0 non-finite output values
[extended-reformulation] MET -> MET_rel (ratio): 0 batteries used median-fallback baseline, 0 non-finite output values
[extended-reformulation] MATD -> MATD_rel (delta): 2941 non-finite output values
[extended-reformulation] VIECT -> VIECT_rel (delta): 0 non-finite output values
[extended-reformulation] SCV -> SCV_rel (ratio): 0 batteries used median-fallback baseline, 0 non-finite output values
[extended-reformulation] MET -> MET_rel (ratio): 0 batteries used median-fallback baseline, 0 non-finite output values
[extended-reformulation] MATD -> MATD_rel (delta): 0 non-finite output values
[extended-reformulation] VIECT -> VIECT_rel (delta): 0 non-finite output values
[extended-reformulation] SCV -> SCV_rel (ratio): 0 batteries used median-fallback baseline, 0 non-finite output values
[extended-reformulation] MET -> MET_rel (ratio): 0 batteries used median-fallback baseline, 0 non-finite output values
[extended-reformulation] MATD -> MATD_rel (delta): 146122 non-finite output values
[extended-reformulation] VIECT -> VIECT_rel (delta): 0 non-finite output values
[extended-reformulation] SCV -> SCV_rel (ratio): 0 batteries used median-fallback baseline, 0 non-finite output values
[extended-reformulation] MET -> MET_rel (ratio): 0 batteries used median-fallback baseline, 0 non-finite output values
[extended-reformulation] MATD -> MATD_rel (delta): 0 non-finite output values
[extended-reformulation] VIECT -> VIECT_rel (delta): 0 non-finite output values
[itemE] CALCE: source-only threshold (0.917) abstains on 3/3 batteries (100.0%), MAE of retained=nan
[itemE] Oxford: source-only threshold (0.917) abstains on 8/8 batteries (100.0%), MAE of retained=nan
[itemE] HUST: source-only threshold (0.917) abstains on 77/77 batteries (100.0%), MAE of retained=nan
[itemE] XJTU: source-only threshold (0.917) abstains on 47/47 batteries (100.0%), MAE of retained=nan
[itemE] ul_pur: source-only threshold (0.917) abstains on 10/10 batteries (100.0%), MAE of retained=nan
[itemE] hnei: source-only threshold (0.917) abstains on 14/14 batteries (100.0%), MAE of retained=nan
[itemE] snl: source-only threshold (0.917) abstains on 55/55 batteries (100.0%), MAE of retained=nan
[itemE] mich: source-only threshold (0.917) abstains on 40/40 batteries (100.0%), MAE of retained=nan
[itemE] mich_exp: source-only threshold (0.917) abstains on 18/18 batteries (100.0%), MAE of retained=nan
[itemE] rwth: source-only threshold (0.917) abstains on 10/10 batteries (100.0%), MAE of retained=nan
[itemE] stanford: source-only threshold (0.917) abstains on 6/6 batteries (100.0%), MAE of retained=nan
[itemE] stanford_2: source-only threshold (0.917) abstains on 8/8 batteries (100.0%), MAE of retained=nan
[itemE] isu_ilcc: source-only threshold (0.917) abstains on 9/9 batteries (100.0%), MAE of retained=nan

=== Risk-coverage summary (mean MAE-retained across all datasets, by abstention rate) ===
abstention_rate
0.0    10.112086
0.1    10.059574
0.2    10.032096
0.3    10.111133
0.4    10.328187
0.5    10.557626
