[corrected-embeddings] ul_pur: 2245 parquet rows -> 2245 rows with corrected old-encoder embeddings (max |fusion| 8.47)
[corrected-embeddings] hnei: 15155 parquet rows -> 15155 rows with corrected old-encoder embeddings (max |fusion| 9.39)
[corrected-embeddings] snl: 38880 parquet rows -> 38880 rows with corrected old-encoder embeddings (max |fusion| 12.32)
[corrected-embeddings] mich: 19881 parquet rows -> 19881 rows with corrected old-encoder embeddings (max |fusion| 7.81)
[corrected-embeddings] mich_exp: 6545 parquet rows -> 6545 rows with corrected old-encoder embeddings (max |fusion| 10.44)
[corrected-embeddings] rwth: 22095 parquet rows -> 22095 rows with corrected old-encoder embeddings (max |fusion| 26.67)
[corrected-embeddings] stanford: 5633 parquet rows -> 5633 rows with corrected old-encoder embeddings (max |fusion| 6.04)
[corrected-embeddings] stanford_2: 8465 parquet rows -> 8465 rows with corrected old-encoder embeddings (max |fusion| 6.05)
[corrected-embeddings] isu_ilcc: 45229 parquet rows -> 45229 rows with corrected old-encoder embeddings (max |fusion| 3.94)
=== Final pass item 1: label-free routing (no target labels used in the rule) ===
[stage1-duration] WARNING: 4 batteries have no cycle_idx==10 row at all: ['B0038', 'B0039', 'B0040', 'B0041'] - falling back to each such battery's own first available cycle as baseline.
[stage1-duration] ICHV -> ICHV_rel: 0 batteries used median-fallback baseline, 0 non-finite output values (of 29705 rows)
[stage1-duration] TEVD -> TEVD_rel: 0 batteries used median-fallback baseline, 0 non-finite output values (of 29705 rows)
[stage1-duration] TEVI -> TEVI_rel: 0 batteries used median-fallback baseline, 0 non-finite output values (of 29705 rows)
[stage1-duration] WARNING: 4 batteries have no cycle_idx==10 row at all: ['B0038', 'B0039', 'B0040', 'B0041'] - falling back to each such battery's own first available cycle as baseline.
[stage1-duration] ICHV -> ICHV_rel: 0 batteries used median-fallback baseline, 0 non-finite output values (of 29705 rows)
[stage1-duration] TEVD -> TEVD_rel: 0 batteries used median-fallback baseline, 0 non-finite output values (of 29705 rows)
[stage1-duration] TEVI -> TEVI_rel: 0 batteries used median-fallback baseline, 0 non-finite output values (of 29705 rows)
[extended-reformulation] SCV -> SCV_rel (ratio): 0 batteries used median-fallback baseline, 0 non-finite output values
[extended-reformulation] MET -> MET_rel (ratio): 0 batteries used median-fallback baseline, 0 non-finite output values
[extended-reformulation] MATD -> MATD_rel (delta): 2943 non-finite output values
[extended-reformulation] VIECT -> VIECT_rel (delta): 0 non-finite output values
[extended-reformulation] SCV -> SCV_rel (ratio): 0 batteries used median-fallback baseline, 0 non-finite output values
[extended-reformulation] MET -> MET_rel (ratio): 0 batteries used median-fallback baseline, 0 non-finite output values
[extended-reformulation] MATD -> MATD_rel (delta): 2941 non-finite output values
[extended-reformulation] VIECT -> VIECT_rel (delta): 0 non-finite output values
[extended-reformulation] SCV -> SCV_rel (ratio): 0 batteries used median-fallback baseline, 0 non-finite output values
[extended-reformulation] MET -> MET_rel (ratio): 0 batteries used median-fallback baseline, 0 non-finite output values
[extended-reformulation] MATD -> MATD_rel (delta): 0 non-finite output values
[extended-reformulation] VIECT -> VIECT_rel (delta): 0 non-finite output values
[extended-reformulation] SCV -> SCV_rel (ratio): 0 batteries used median-fallback baseline, 0 non-finite output values
[extended-reformulation] MET -> MET_rel (ratio): 0 batteries used median-fallback baseline, 0 non-finite output values
[extended-reformulation] MATD -> MATD_rel (delta): 146122 non-finite output values
[extended-reformulation] VIECT -> VIECT_rel (delta): 0 non-finite output values
[extended-reformulation] SCV -> SCV_rel (ratio): 0 batteries used median-fallback baseline, 0 non-finite output values
[extended-reformulation] MET -> MET_rel (ratio): 0 batteries used median-fallback baseline, 0 non-finite output values
[extended-reformulation] MATD -> MATD_rel (delta): 0 non-finite output values
[extended-reformulation] VIECT -> VIECT_rel (delta): 0 non-finite output values
[item1] CALCE: AUC_base=1.0000 AUC_ext=1.0000 -> rule picks 'base' | true R2_base=0.5679 R2_ext=0.7397 -> true winner 'extended' | WRONG
[item1] Oxford: AUC_base=1.0000 AUC_ext=1.0000 -> rule picks 'base' | true R2_base=-2.6939 R2_ext=0.9533 -> true winner 'extended' | WRONG
[item1] HUST: AUC_base=1.0000 AUC_ext=1.0000 -> rule picks 'base' | true R2_base=-0.1523 R2_ext=0.8000 -> true winner 'extended' | WRONG
[item1] XJTU: AUC_base=1.0000 AUC_ext=1.0000 -> rule picks 'base' | true R2_base=-1.0621 R2_ext=-1.7717 -> true winner 'base' | CORRECT
[item1] ul_pur: AUC_base=1.0000 AUC_ext=1.0000 -> rule picks 'base' | true R2_base=0.0437 R2_ext=-0.6048 -> true winner 'base' | CORRECT
[item1] hnei: AUC_base=1.0000 AUC_ext=1.0000 -> rule picks 'base' | true R2_base=-0.1012 R2_ext=0.7853 -> true winner 'extended' | WRONG
[item1] snl: AUC_base=1.0000 AUC_ext=0.9999 -> rule picks 'base' | true R2_base=0.0556 R2_ext=0.4418 -> true winner 'extended' | WRONG
[item1] mich: AUC_base=1.0000 AUC_ext=1.0000 -> rule picks 'base' | true R2_base=0.5333 R2_ext=0.7538 -> true winner 'extended' | WRONG
[item1] mich_exp: AUC_base=1.0000 AUC_ext=1.0000 -> rule picks 'base' | true R2_base=0.7177 R2_ext=0.3086 -> true winner 'base' | CORRECT
[item1] rwth: AUC_base=1.0000 AUC_ext=1.0000 -> rule picks 'base' | true R2_base=-0.4725 R2_ext=0.5031 -> true winner 'extended' | WRONG
[item1] stanford: AUC_base=1.0000 AUC_ext=1.0000 -> rule picks 'base' | true R2_base=0.2746 R2_ext=0.8090 -> true winner 'extended' | WRONG
[item1] stanford_2: AUC_base=1.0000 AUC_ext=1.0000 -> rule picks 'base' | true R2_base=0.2470 R2_ext=0.8062 -> true winner 'extended' | WRONG
[item1] isu_ilcc: AUC_base=1.0000 AUC_ext=1.0000 -> rule picks 'base' | true R2_base=0.1140 R2_ext=0.1797 -> true winner 'extended' | WRONG

=== SUMMARY: label-free rule agrees with the true winner on 3/13 held-out datasets (23.1%) ===
   dataset  auc_base_repr  auc_ext_repr rule_pick  r2_base_model  r2_ext_model true_winner  rule_correct currently_routed_live
     CALCE       0.999996      1.000000      base       0.567876      0.739702    extended         False              extended
    Oxford       1.000000      1.000000      base      -2.693906      0.953262    extended         False              extended
      HUST       0.999974      0.999992      base      -0.152262      0.800007    extended         False              extended
      XJTU       1.000000      1.000000      base      -1.062120     -1.771677        base          True                  base
    ul_pur       1.000000      1.000000      base       0.043737     -0.604769        base          True                  base
      hnei       1.000000      1.000000      base      -0.101234      0.785262    extended         False                  base
       snl       1.000000      0.999893      base       0.055590      0.441806    extended         False                  base
      mich       1.000000      1.000000      base       0.533282      0.753806    extended         False                  base
  mich_exp       1.000000      1.000000      base       0.717672      0.308640        base          True                  base
      rwth       1.000000      1.000000      base      -0.472529      0.503089    extended         False                  base
  stanford       1.000000      0.999980      base       0.274612      0.808959    extended         False                  base
stanford_2       1.000000      1.000000      base       0.247015      0.806231    extended         False                  base
  isu_ilcc       1.000000      1.000000      base       0.113985      0.179716    extended         False                  base

[item1] Confusion matrix (rule_pick vs. true_winner):
true_winner  base  extended
rule_pick                  
base            3        10

[item1] For context: always-base would get 3/13 right, always-extended 10/13, the CURRENT live positive-list routing (label-based, only defined for CALCE/Oxford/HUST vs. base-default-everything-else) gets 6/13 right on this same 13-dataset panel.

[item1] TOTAL TIME: 4.63 minutes
