[corrected-embeddings] ul_pur: 2245 parquet rows -> 2245 rows with corrected old-encoder embeddings (max |fusion| 8.47)
[corrected-embeddings] hnei: 15155 parquet rows -> 15155 rows with corrected old-encoder embeddings (max |fusion| 9.39)
[corrected-embeddings] snl: 38880 parquet rows -> 38880 rows with corrected old-encoder embeddings (max |fusion| 12.32)
[corrected-embeddings] mich: 19881 parquet rows -> 19881 rows with corrected old-encoder embeddings (max |fusion| 7.81)
[corrected-embeddings] mich_exp: 6545 parquet rows -> 6545 rows with corrected old-encoder embeddings (max |fusion| 10.44)
[corrected-embeddings] rwth: 22095 parquet rows -> 22095 rows with corrected old-encoder embeddings (max |fusion| 26.67)
[corrected-embeddings] stanford: 5633 parquet rows -> 5633 rows with corrected old-encoder embeddings (max |fusion| 6.04)
[corrected-embeddings] stanford_2: 8465 parquet rows -> 8465 rows with corrected old-encoder embeddings (max |fusion| 6.05)
[corrected-embeddings] isu_ilcc: 45229 parquet rows -> 45229 rows with corrected old-encoder embeddings (max |fusion| 3.94)
=== Final pass 2, item B: leave-one-dataset-out (LODO) ===
[itemB] feature cols (25): ['ICHV_rel', 'SCV', 'VDEDT', 'VIECT', 'MATD', 'MET', 'TEVD_rel', 'TEVI_rel', 'cycle_idx', 'fusion_0', 'fusion_1', 'fusion_2', 'fusion_3', 'fusion_4', 'fusion_5', 'fusion_6', 'fusion_7', 'fusion_8', 'fusion_9', 'fusion_10', 'fusion_11', 'fusion_12', 'fusion_13', 'fusion_14', 'fusion_15']
[itemB] monotone_constraints: (0, 0, 0, 0, 0, 0, 0, 0, -1, 0, 0, 0, 0, 0, 0, 0, 0, 0, 0, 0, 0, 0, 0, 0, 0)
[itemB] building the 15-source pool...
[stage1-duration] WARNING: 4 batteries have no cycle_idx==10 row at all: ['B0038', 'B0039', 'B0040', 'B0041'] - falling back to each such battery's own first available cycle as baseline.
[stage1-duration] ICHV -> ICHV_rel: 0 batteries used median-fallback baseline, 0 non-finite output values (of 29705 rows)
[stage1-duration] TEVD -> TEVD_rel: 0 batteries used median-fallback baseline, 0 non-finite output values (of 29705 rows)
[stage1-duration] TEVI -> TEVI_rel: 0 batteries used median-fallback baseline, 0 non-finite output values (of 29705 rows)
[itemB] NASA: 920 rows, 9 batteries
[itemB] MIT: 25776 rows, 31 batteries
[itemB] CALCE: 2941 rows, 3 batteries
[itemB] Oxford: 519 rows, 8 batteries
[itemB] HUST: 146122 rows, 77 batteries
[itemB] XJTU: 19238 rows, 47 batteries
[itemB] ul_pur: 2245 rows, 10 batteries
[itemB] hnei: 15155 rows, 14 batteries
[itemB] snl: 38880 rows, 55 batteries
[itemB] mich: 19881 rows, 40 batteries
[itemB] mich_exp: 6545 rows, 18 batteries
[itemB] rwth: 22095 rows, 10 batteries
[itemB] stanford: 5633 rows, 6 batteries
[itemB] stanford_2: 8465 rows, 8 batteries
[itemB] isu_ilcc: 45229 rows, 9 batteries
[itemB] held-out=NASA: LODO R2=0.0313 [-0.3495,0.2255] RMSE=11.2687 MAE=8.5882 MAPE=11.14% (n=920, 9 batteries, train_n=358724) | NASA+MIT-only baseline R2=N/A (this source IS that baseline pool) (11.2s)
[itemB] held-out=MIT: LODO R2=-6.1179 [-11.3573,-3.3601] RMSE=15.9785 MAE=14.1798 MAPE=14.80% (n=25776, 31 batteries, train_n=333868) | NASA+MIT-only baseline R2=N/A (this source IS that baseline pool) (11.3s)
[itemB] held-out=CALCE: LODO R2=0.8548 [0.8038,0.9391] RMSE=8.2056 MAE=5.8685 MAPE=13.54% (n=2941, 3 batteries, train_n=356703) | NASA+MIT-only baseline R2=0.567876 (12.1s)
[itemB] held-out=Oxford: LODO R2=0.0756 [-0.3765,0.3486] RMSE=6.5705 MAE=5.8630 MAPE=6.54% (n=519, 8 batteries, train_n=359125) | NASA+MIT-only baseline R2=-2.693906 (11.5s)
[itemB] held-out=HUST: LODO R2=0.7215 [0.6719,0.7589] RMSE=3.8930 MAE=3.1502 MAPE=3.51% (n=146122, 77 batteries, train_n=213522) | NASA+MIT-only baseline R2=-0.152262 (27.0s)
[itemB] held-out=XJTU: LODO R2=-6.3941 [-7.5777,-5.0495] RMSE=16.3517 MAE=12.4913 MAPE=12.74% (n=19238, 47 batteries, train_n=340406) | NASA+MIT-only baseline R2=-1.061987 (17.6s)
[itemB] held-out=ul_pur: LODO R2=0.5168 [0.4424,0.6358] RMSE=4.2113 MAE=3.0955 MAPE=3.46% (n=2245, 10 batteries, train_n=357399) | NASA+MIT-only baseline R2=0.116107 (15.5s)
[itemB] held-out=hnei: LODO R2=0.9295 [0.9228,0.9369] RMSE=4.7427 MAE=3.9196 MAPE=6.88% (n=15155, 14 batteries, train_n=344489) | NASA+MIT-only baseline R2=-0.037714 (12.5s)
[itemB] held-out=snl: LODO R2=0.1490 [-0.2128,0.3364] RMSE=7.6939 MAE=5.2935 MAPE=6.74% (n=38880, 55 batteries, train_n=320764) | NASA+MIT-only baseline R2=0.146501 (14.8s)
[itemB] held-out=mich: LODO R2=0.7461 [0.7259,0.7681] RMSE=11.3589 MAE=7.5910 MAPE=26.95% (n=19881, 40 batteries, train_n=339763) | NASA+MIT-only baseline R2=0.572789 (14.8s)
[itemB] held-out=mich_exp: LODO R2=0.4995 [-0.5226,0.7249] RMSE=9.7119 MAE=7.6726 MAPE=9.37% (n=6545, 18 batteries, train_n=353099) | NASA+MIT-only baseline R2=0.720633 (14.1s)
[itemB] held-out=rwth: LODO R2=0.5051 [0.4689,0.5396] RMSE=17.0703 MAE=14.8606 MAPE=31.26% (n=22095, 10 batteries, train_n=337549) | NASA+MIT-only baseline R2=-0.484674 (14.7s)
[itemB] held-out=stanford: LODO R2=0.9967 [0.9923,0.9990] RMSE=1.2369 MAE=0.5525 MAPE=1.06% (n=5633, 6 batteries, train_n=354011) | NASA+MIT-only baseline R2=0.11129 (16.6s)
[itemB] held-out=stanford_2: LODO R2=0.9902 [0.9760,0.9991] RMSE=2.0568 MAE=0.9044 MAPE=1.39% (n=8465, 8 batteries, train_n=351179) | NASA+MIT-only baseline R2=0.065504 (15.8s)
[itemB] held-out=isu_ilcc: LODO R2=0.9006 [0.6108,0.9480] RMSE=11.3751 MAE=8.6561 MAPE=21.90% (n=45229, 9 batteries, train_n=314415) | NASA+MIT-only baseline R2=0.140112 (13.6s)

=== SUMMARY: LODO vs. NASA+MIT-only zero-retrain ===
held_out_source   lodo_r2  nasa_mit_only_zeroretrain_r2 lodo_beats_nasa_mit_only
           NASA  0.031314                           NaN                     None
            MIT -6.117932                           NaN                     None
          CALCE  0.854792                      0.567876                     True
         Oxford  0.075636                     -2.693906                     True
           HUST  0.721547                     -0.152262                     True
           XJTU -6.394131                     -1.061987                    False
         ul_pur  0.516829                      0.116107                     True
           hnei  0.929450                     -0.037714                     True
            snl  0.149016                      0.146501                     True
           mich  0.746054                      0.572789                     True
       mich_exp  0.499494                      0.720633                    False
           rwth  0.505075                     -0.484674                     True
       stanford  0.996671                      0.111290                     True
     stanford_2  0.990175                      0.065504                     True
       isu_ilcc  0.900586                      0.140112                     True

[itemB] Source diversity (LODO pooling) beats the NASA+MIT-only baseline on 11/13 comparable targets.

[itemB] TOTAL TIME: 8.72 minutes
