=== LODO family-holdout rerun, corrected old-encoder embeddings for BatteryLife ===
[stage1-duration] WARNING: 4 batteries have no cycle_idx==10 row at all: ['B0038', 'B0039', 'B0040', 'B0041'] - falling back to each such battery's own first available cycle as baseline.
[stage1-duration] ICHV -> ICHV_rel: 0 batteries used median-fallback baseline, 0 non-finite output values (of 29705 rows)
[stage1-duration] TEVD -> TEVD_rel: 0 batteries used median-fallback baseline, 0 non-finite output values (of 29705 rows)
[stage1-duration] TEVI -> TEVI_rel: 0 batteries used median-fallback baseline, 0 non-finite output values (of 29705 rows)
[lodo-rerun] rows lost joining corrected embeddings (vs parquet HI rows): {'ul_pur': 0, 'hnei': 0, 'snl': 0, 'mich': 0, 'mich_exp': 0, 'rwth': 0, 'stanford': 0, 'stanford_2': 0, 'isu_ilcc': 0}
[lodo-rerun] NASA: family-LODO R2 0.0313 (orig 0.1487) MAE 8.588 (orig 8.172) | NASA+MIT-only R2 nan (orig nan) (28s)
[lodo-rerun] MIT: family-LODO R2 -6.1179 (orig -4.8166) MAE 14.180 (orig 12.271) | NASA+MIT-only R2 nan (orig nan) (25s)
[lodo-rerun] CALCE: family-LODO R2 0.8548 (orig 0.8697) MAE 5.868 (orig 5.783) | NASA+MIT-only R2 0.560 (orig 0.568) (24s)
[lodo-rerun] Oxford: family-LODO R2 0.0756 (orig -0.5712) MAE 5.863 (orig 7.908) | NASA+MIT-only R2 -3.598 (orig -2.694) (25s)
[lodo-rerun] HUST: family-LODO R2 0.7215 (orig 0.5350) MAE 3.150 (orig 4.097) | NASA+MIT-only R2 -0.027 (orig -0.152) (45s)
[lodo-rerun] XJTU: family-LODO R2 -6.3941 (orig -4.1000) MAE 12.491 (orig 10.545) | NASA+MIT-only R2 -1.556 (orig -1.062) (26s)
[lodo-rerun] ul_pur: family-LODO R2 0.5168 (orig 0.4877) MAE 3.096 (orig 3.327) | NASA+MIT-only R2 0.265 (orig 0.116) (23s)
[lodo-rerun] hnei: family-LODO R2 0.9295 (orig 0.6814) MAE 3.920 (orig 6.312) | NASA+MIT-only R2 0.070 (orig -0.038) (24s)
[lodo-rerun] snl: family-LODO R2 0.1490 (orig 0.4415) MAE 5.293 (orig 4.439) | NASA+MIT-only R2 0.154 (orig 0.147) (25s)
[lodo-rerun] mich: family-LODO R2 0.7020 (orig 0.7904) MAE 8.839 (orig 7.234) | NASA+MIT-only R2 0.565 (orig 0.573) (23s)
[lodo-rerun] mich_exp: family-LODO R2 0.5504 (orig 0.5629) MAE 6.649 (orig 6.651) | NASA+MIT-only R2 0.731 (orig 0.721) (23s)
[lodo-rerun] rwth: family-LODO R2 0.5051 (orig 0.3531) MAE 14.861 (orig 17.065) | NASA+MIT-only R2 -0.152 (orig -0.485) (26s)
[lodo-rerun] stanford: family-LODO R2 0.9194 (orig 0.8885) MAE 2.146 (orig 4.254) | NASA+MIT-only R2 0.299 (orig 0.111) (24s)
[lodo-rerun] stanford_2: family-LODO R2 0.8950 (orig 0.8584) MAE 2.336 (orig 4.577) | NASA+MIT-only R2 0.220 (orig 0.066) (27s)
[lodo-rerun] isu_ilcc: family-LODO R2 0.9006 (orig 0.8001) MAE 8.656 (orig 12.695) | NASA+MIT-only R2 0.053 (orig 0.140) (27s)

[lodo-rerun] targets beating NASA+MIT-only: ORIGINAL 11/13, CORRECTED 10/13
held_out_source  n_test  n_test_batteries  family_lodo_r2_corrected  family_lodo_r2_ci_lo  family_lodo_r2_ci_hi  family_lodo_mae_corrected  family_lodo_rmse_corrected  family_lodo_r2_original  family_lodo_mae_original  nasa_mit_only_r2_corrected  nasa_mit_only_r2_original_hardcoded  bl_source     dR2  beats_nasa_mit_corrected  beats_nasa_mit_original
           NASA     920                 9                    0.0313               -0.3495                0.2255                     8.5882                     11.2687                   0.1487                    8.1719                         NaN                                  NaN      False -0.1174                     False                    False
            MIT   25776                31                   -6.1179              -11.7664               -3.2580                    14.1798                     15.9785                  -4.8166                   12.2714                         NaN                                  NaN      False -1.3013                     False                    False
          CALCE    2941                 3                    0.8548                0.8038                0.9391                     5.8685                      8.2056                   0.8697                    5.7826                      0.5597                               0.5679      False -0.0149                      True                     True
         Oxford     519                 8                    0.0756               -0.3917                0.3534                     5.8630                      6.5705                  -0.5712                    7.9082                     -3.5976                              -2.6939      False  0.6468                      True                     True
           HUST  146122                77                    0.7215                0.6764                0.7603                     3.1502                      3.8930                   0.5350                    4.0969                     -0.0271                              -0.1523      False  0.1865                      True                     True
           XJTU   19238                47                   -6.3941               -7.5995               -4.9855                    12.4913                     16.3517                  -4.1000                   10.5448                     -1.5563                              -1.0620      False -2.2941                     False                    False
         ul_pur    2245                10                    0.5168                0.4414                0.6254                     3.0955                      4.2113                   0.4877                    3.3271                      0.2652                               0.1161       True  0.0291                      True                     True
           hnei   15155                14                    0.9295                0.9226                0.9366                     3.9196                      4.7427                   0.6814                    6.3115                      0.0696                              -0.0377       True  0.2480                      True                     True
            snl   38880                55                    0.1490               -0.2132                0.3360                     5.2935                      7.6939                   0.4415                    4.4390                      0.1544                               0.1465       True -0.2925                     False                     True
           mich   19881                40                    0.7020                0.6865                0.7217                     8.8386                     12.3039                   0.7904                    7.2338                      0.5646                               0.5728       True -0.0883                      True                     True
       mich_exp    6545                18                    0.5504               -0.1224                0.6943                     6.6493                      9.2050                   0.5629                    6.6513                      0.7311                               0.7206       True -0.0125                     False                    False
           rwth   22095                10                    0.5051                0.4644                0.5381                    14.8606                     17.0703                   0.3531                   17.0649                     -0.1523                              -0.4847       True  0.1520                      True                     True
       stanford    5633                 6                    0.9194                0.7760                0.9849                     2.1459                      6.0864                   0.8885                    4.2541                      0.2988                               0.1113       True  0.0309                      True                     True
     stanford_2    8465                 8                    0.8950                0.6261                0.9930                     2.3356                      6.7248                   0.8584                    4.5769                      0.2199                               0.0655       True  0.0366                      True                     True
       isu_ilcc   45229                 9                    0.9006                0.5918                0.9499                     8.6561                     11.3751                   0.8001                   12.6953                      0.0530                               0.1401       True  0.1005                      True                     True
[lodo-rerun] TOTAL 8.3 min
