[corrected-embeddings] ul_pur: 2245 parquet rows -> 2245 rows with corrected old-encoder embeddings (max |fusion| 8.47)
[corrected-embeddings] hnei: 15155 parquet rows -> 15155 rows with corrected old-encoder embeddings (max |fusion| 9.39)
[corrected-embeddings] snl: 38880 parquet rows -> 38880 rows with corrected old-encoder embeddings (max |fusion| 12.32)
[corrected-embeddings] mich: 19881 parquet rows -> 19881 rows with corrected old-encoder embeddings (max |fusion| 7.81)
[corrected-embeddings] mich_exp: 6545 parquet rows -> 6545 rows with corrected old-encoder embeddings (max |fusion| 10.44)
[corrected-embeddings] rwth: 22095 parquet rows -> 22095 rows with corrected old-encoder embeddings (max |fusion| 26.67)
[corrected-embeddings] stanford: 5633 parquet rows -> 5633 rows with corrected old-encoder embeddings (max |fusion| 6.04)
[corrected-embeddings] stanford_2: 8465 parquet rows -> 8465 rows with corrected old-encoder embeddings (max |fusion| 6.05)
[corrected-embeddings] isu_ilcc: 45229 parquet rows -> 45229 rows with corrected old-encoder embeddings (max |fusion| 3.94)
=== Part B, item 9: pool-expansion retrain (Stage 5 pattern, XGBoost-fusion only) ===
[item9] new BatteryLife pool: 170 batteries across 9 sources -> 136 folded into TRAIN, 34 held out as new_test (80/20, seed=42)
[item9]   ul_pur: 10 batteries
[item9]   hnei: 14 batteries
[item9]   snl: 55 batteries
[item9]   mich: 40 batteries
[item9]   mich_exp: 18 batteries
[item9]   rwth: 10 batteries
[item9]   stanford: 6 batteries
[item9]   stanford_2: 8 batteries
[item9]   isu_ilcc: 9 batteries

[item9] loading original NASA+MIT pool (Stage 1.1 duration-reformulated, UNCHANGED split)...
[stage1-duration] WARNING: 4 batteries have no cycle_idx==10 row at all: ['B0038', 'B0039', 'B0040', 'B0041'] - falling back to each such battery's own first available cycle as baseline.
[stage1-duration] ICHV -> ICHV_rel: 0 batteries used median-fallback baseline, 0 non-finite output values (of 29705 rows)
[stage1-duration] TEVD -> TEVD_rel: 0 batteries used median-fallback baseline, 0 non-finite output values (of 29705 rows)
[stage1-duration] TEVI -> TEVI_rel: 0 batteries used median-fallback baseline, 0 non-finite output values (of 29705 rows)
[item9] expanded TRAIN pool: 21488 original rows (21488 orig batteries) + 122534 new BatteryLife rows (136 new batteries) = 144022 rows, 170 batteries total
[item9] monotone_constraints (only cycle_idx constrained, matching Stage 1.5/Stage 5 exactly): (0, 0, 0, 0, 0, 0, 0, 0, -1, 0, 0, 0, 0, 0, 0, 0, 0, 0, 0, 0, 0, 0, 0, 0, 0)

[item9] retraining XGBoost-fusion on the EXPANDED pool (same hyperparameters as every other XGBoost-fusion variant in this project)...
[item9] saved to models/_experimental_xgb_soh_fusion_batterylife_expanded.json - NOT wired into live_inference.py/app.py

=== HEADLINE: standard protocol, vs. CURRENT ROUTED deployed baseline ===
[item9] in-domain (fixed split, UNCHANGED test battery set): R2=0.9775 RMSE=0.7250 n=5208 | vs routed baseline 0.974 -> WIN
[item9] CALCE (zero-retrain, UNCHANGED - never in the expanded train pool): R2=0.8939 RMSE=7.0131 n=2941 | vs routed baseline 0.740 -> WIN
[item9] Oxford (zero-retrain, UNCHANGED - never in the expanded train pool): R2=-0.1265 RMSE=7.2535 n=519 | vs routed baseline 0.953 -> LOSS
[item9] HUST (zero-retrain, UNCHANGED - never in the expanded train pool): R2=0.6831 RMSE=4.1529 n=146122 | vs routed baseline 0.800 -> LOSS
[item9] XJTU (zero-retrain, UNCHANGED - never in the expanded train pool): R2=-7.3361 RMSE=17.3620 n=19238 | vs routed baseline -1.062 -> LOSS

=== SECONDARY, BONUS: held-out 20% of the NEW BatteryLife pool itself (NOT part of the standard protocol) ===
[item9] new BatteryLife held-out batteries (34 batteries, 41594 cycles): R2=0.9981 RMSE=1.4820 - NOT counted toward the headline verdict

=== Item 9 FULL RESULTS ===
                      eval_set  part_of_standard_protocol      rmse       mae        r2      n  routed_baseline_r2                     verdict
       in-domain (fixed split)                       True  0.725036  0.383062  0.977526   5208               0.974                         WIN
                         CALCE                       True  7.013059  4.742645  0.893932   2941               0.740                         WIN
                        Oxford                       True  7.253525  6.938649 -0.126549    519               0.953                        LOSS
                          HUST                       True  4.152850  3.108422  0.683141 146122               0.800                        LOSS
                          XJTU                       True 17.362024 12.683119 -7.336133  19238              -1.062                        LOSS
new_batterylife_held_out_20pct                      False  1.481974  0.971429  0.998129  41594                 NaN n/a (not standard protocol)

[item9] STANDARD PROTOCOL: 2/5 eval settings beat the routed deployed baseline. Per project rule: no promotion regardless of outcome.
[item9] TOTAL TIME: 4.47 minutes
