C:\Users\manoj\OneDrive\Desktop\battery-prognostics\.venv\Lib\site-packages\mapie\utils.py:1540: UserWarning: Estimator does not appear fitted. At least one of the expected attributes is missing in : ['n_features_in_', 'classes_', 'coef_', 'feature_names_in_', 'tree_', 'estimators_', 'fitted_'].
  warnings.warn(
C:\Users\manoj\OneDrive\Desktop\battery-prognostics\.venv\Lib\site-packages\mapie\utils.py:1540: UserWarning: Estimator does not appear fitted. At least one of the expected attributes is missing in : ['n_features_in_', 'classes_', 'coef_', 'feature_names_in_', 'tree_', 'estimators_', 'fitted_'].
  warnings.warn(
[corrected-embeddings] ul_pur: 2245 parquet rows -> 2245 rows with corrected old-encoder embeddings (max |fusion| 8.47)
[corrected-embeddings] hnei: 15155 parquet rows -> 15155 rows with corrected old-encoder embeddings (max |fusion| 9.39)
[corrected-embeddings] snl: 38880 parquet rows -> 38880 rows with corrected old-encoder embeddings (max |fusion| 12.32)
[corrected-embeddings] mich: 19881 parquet rows -> 19881 rows with corrected old-encoder embeddings (max |fusion| 7.81)
[corrected-embeddings] mich_exp: 6545 parquet rows -> 6545 rows with corrected old-encoder embeddings (max |fusion| 10.44)
[corrected-embeddings] rwth: 22095 parquet rows -> 22095 rows with corrected old-encoder embeddings (max |fusion| 26.67)
[corrected-embeddings] stanford: 5633 parquet rows -> 5633 rows with corrected old-encoder embeddings (max |fusion| 6.04)
[corrected-embeddings] stanford_2: 8465 parquet rows -> 8465 rows with corrected old-encoder embeddings (max |fusion| 6.05)
[corrected-embeddings] isu_ilcc: 45229 parquet rows -> 45229 rows with corrected old-encoder embeddings (max |fusion| 3.94)
=== Toolkit Phase 3(a): minimum labeled checkpoints before trusting the online interval ===
[minck] trust threshold: rolling-20 coverage >= 70%, must hold for the REST of the battery's life once reached (PID, eta=0.1, k_burnin=10)
[stage1-duration] WARNING: 4 batteries have no cycle_idx==10 row at all: ['B0038', 'B0039', 'B0040', 'B0041'] - falling back to each such battery's own first available cycle as baseline.
[stage1-duration] ICHV -> ICHV_rel: 0 batteries used median-fallback baseline, 0 non-finite output values (of 29705 rows)
[stage1-duration] TEVD -> TEVD_rel: 0 batteries used median-fallback baseline, 0 non-finite output values (of 29705 rows)
[stage1-duration] TEVI -> TEVI_rel: 0 batteries used median-fallback baseline, 0 non-finite output values (of 29705 rows)
[stage1-duration] WARNING: 4 batteries have no cycle_idx==10 row at all: ['B0038', 'B0039', 'B0040', 'B0041'] - falling back to each such battery's own first available cycle as baseline.
[stage1-duration] ICHV -> ICHV_rel: 0 batteries used median-fallback baseline, 0 non-finite output values (of 29705 rows)
[stage1-duration] TEVD -> TEVD_rel: 0 batteries used median-fallback baseline, 0 non-finite output values (of 29705 rows)
[stage1-duration] TEVI -> TEVI_rel: 0 batteries used median-fallback baseline, 0 non-finite output values (of 29705 rows)
[extended-reformulation] SCV -> SCV_rel (ratio): 0 batteries used median-fallback baseline, 0 non-finite output values
[extended-reformulation] MET -> MET_rel (ratio): 0 batteries used median-fallback baseline, 0 non-finite output values
[extended-reformulation] MATD -> MATD_rel (delta): 2943 non-finite output values
[extended-reformulation] VIECT -> VIECT_rel (delta): 0 non-finite output values
[itemA] q_src (base model, in-domain split-conformal half-width) = 1.1438
[itemA] q_src (extended model, in-domain split-conformal half-width) = 0.4064
[stage1-duration] WARNING: 4 batteries have no cycle_idx==10 row at all: ['B0038', 'B0039', 'B0040', 'B0041'] - falling back to each such battery's own first available cycle as baseline.
[stage1-duration] ICHV -> ICHV_rel: 0 batteries used median-fallback baseline, 0 non-finite output values (of 29705 rows)
[stage1-duration] TEVD -> TEVD_rel: 0 batteries used median-fallback baseline, 0 non-finite output values (of 29705 rows)
[stage1-duration] TEVI -> TEVI_rel: 0 batteries used median-fallback baseline, 0 non-finite output values (of 29705 rows)
[stage1-duration] WARNING: 4 batteries have no cycle_idx==10 row at all: ['B0038', 'B0039', 'B0040', 'B0041'] - falling back to each such battery's own first available cycle as baseline.
[stage1-duration] ICHV -> ICHV_rel: 0 batteries used median-fallback baseline, 0 non-finite output values (of 29705 rows)
[stage1-duration] TEVD -> TEVD_rel: 0 batteries used median-fallback baseline, 0 non-finite output values (of 29705 rows)
[stage1-duration] TEVI -> TEVI_rel: 0 batteries used median-fallback baseline, 0 non-finite output values (of 29705 rows)
[extended-reformulation] SCV -> SCV_rel (ratio): 0 batteries used median-fallback baseline, 0 non-finite output values
[extended-reformulation] MET -> MET_rel (ratio): 0 batteries used median-fallback baseline, 0 non-finite output values
[extended-reformulation] MATD -> MATD_rel (delta): 2943 non-finite output values
[extended-reformulation] VIECT -> VIECT_rel (delta): 0 non-finite output values
[extended-reformulation] SCV -> SCV_rel (ratio): 0 batteries used median-fallback baseline, 0 non-finite output values
[extended-reformulation] MET -> MET_rel (ratio): 0 batteries used median-fallback baseline, 0 non-finite output values
[extended-reformulation] MATD -> MATD_rel (delta): 2941 non-finite output values
[extended-reformulation] VIECT -> VIECT_rel (delta): 0 non-finite output values
[extended-reformulation] SCV -> SCV_rel (ratio): 0 batteries used median-fallback baseline, 0 non-finite output values
[extended-reformulation] MET -> MET_rel (ratio): 0 batteries used median-fallback baseline, 0 non-finite output values
[extended-reformulation] MATD -> MATD_rel (delta): 0 non-finite output values
[extended-reformulation] VIECT -> VIECT_rel (delta): 0 non-finite output values
[extended-reformulation] SCV -> SCV_rel (ratio): 0 batteries used median-fallback baseline, 0 non-finite output values
[extended-reformulation] MET -> MET_rel (ratio): 0 batteries used median-fallback baseline, 0 non-finite output values
[extended-reformulation] MATD -> MATD_rel (delta): 146122 non-finite output values
[extended-reformulation] VIECT -> VIECT_rel (delta): 0 non-finite output values
[extended-reformulation] SCV -> SCV_rel (ratio): 0 batteries used median-fallback baseline, 0 non-finite output values
[extended-reformulation] MET -> MET_rel (ratio): 0 batteries used median-fallback baseline, 0 non-finite output values
[extended-reformulation] MATD -> MATD_rel (delta): 0 non-finite output values
[extended-reformulation] VIECT -> VIECT_rel (delta): 0 non-finite output values
[minck] CALCE: median=985 mean=985 cycles (n_batteries_with_stable_point=2, n_never_stabilized=1)
[minck] Oxford: median=22 mean=22 cycles (n_batteries_with_stable_point=4, n_never_stabilized=4)
[minck] HUST: median=1324 mean=1095 cycles (n_batteries_with_stable_point=67, n_never_stabilized=10)
[minck] XJTU: median=25 mean=34 cycles (n_batteries_with_stable_point=46, n_never_stabilized=1)
[minck] ul_pur: median=78 mean=78 cycles (n_batteries_with_stable_point=2, n_never_stabilized=8)
[minck] hnei: median=1044 mean=1044 cycles (n_batteries_with_stable_point=2, n_never_stabilized=12)
[minck] snl: median=407 mean=802 cycles (n_batteries_with_stable_point=24, n_never_stabilized=31)
[minck] mich: NO battery reached a stable trustworthy point (n_never_stabilized=40)
[minck] mich_exp: median=312 mean=255 cycles (n_batteries_with_stable_point=6, n_never_stabilized=12)
[minck] rwth: median=2044 mean=1579 cycles (n_batteries_with_stable_point=10, n_never_stabilized=0)
[minck] stanford: median=138 mean=347 cycles (n_batteries_with_stable_point=6, n_never_stabilized=0)
[minck] stanford_2: median=25 mean=207 cycles (n_batteries_with_stable_point=8, n_never_stabilized=0)
[minck] isu_ilcc: median=25 mean=25 cycles (n_batteries_with_stable_point=9, n_never_stabilized=0)

=== OVERALL: median=65 cycles, 75th percentile=1310 cycles (pooled across 186 batteries that reached a stable trustworthy point)
   dataset  median_checkpoints  mean_checkpoints  n_batteries_stable  n_batteries_never_stabilized  n_batteries_total
     CALCE               985.0        985.000000                   2                             1                  3
    Oxford                22.0         21.750000                   4                             4                  8
      HUST              1324.0       1095.074627                  67                            10                 77
      XJTU                25.0         33.739130                  46                             1                 47
    ul_pur                77.5         77.500000                   2                             8                 10
      hnei              1043.5       1043.500000                   2                            12                 14
       snl               407.0        801.625000                  24                            31                 55
      mich                 NaN               NaN                   0                            40                 40
  mich_exp               312.0        254.833333                   6                            12                 18
      rwth              2044.0       1578.800000                  10                             0                 10
  stanford               138.5        346.833333                   6                             0                  6
stanford_2                25.0        207.000000                   8                             0                  8
  isu_ilcc                25.0         24.555556                   9                             0                  9

[minck] TOTAL TIME: 4.44 minutes
