[stage1-duration] WARNING: 4 batteries have no cycle_idx==10 row at all: ['B0038', 'B0039', 'B0040', 'B0041'] - falling back to each such battery's own first available cycle as baseline.
[stage1-duration] ICHV -> ICHV_rel: 0 batteries used median-fallback baseline, 0 non-finite output values (of 29705 rows)
[stage1-duration] TEVD -> TEVD_rel: 0 batteries used median-fallback baseline, 0 non-finite output values (of 29705 rows)
[stage1-duration] TEVI -> TEVI_rel: 0 batteries used median-fallback baseline, 0 non-finite output values (of 29705 rows)
trust_level  familiar  somewhat_familiar  unfamiliar
dataset                                             
CALCE               2                  0           1
HUST               71                  2           4
MIT                24                  0           7
NASA                9                  0           1
Oxford              8                  0           0
XJTU               42                  0           5
hnei               13                  0           1
isu_ilcc            6                  0           3
mich               39                  0           1
mich_exp           14                  0           4
rwth                9                  0           1
snl                33                  2          20
stanford            6                  0           0
stanford_2          4                  0           4
tongji            124                  3           3
ul_pur              9                  0           1

nearest==own source: 0.9264705882352942
dataset battery_id nearest_source trust_level  distance  thr_familiar  thr_somewhat  measured_mae                             measured_mae_source  nll_min  gate_table_mae  lodo_family_mae  in_profile_train
   NASA      B0005           NASA    familiar     1.595         4.536         4.645         3.205                gate-table (battery-level split)  -16.464           3.205            8.172              True
   NASA      B0006           NASA    familiar     1.594         4.536         4.645         3.205                gate-table (battery-level split)  -16.468           3.205            8.172              True
   NASA      B0007           NASA    familiar     0.915         4.536         4.645         3.205                gate-table (battery-level split)  -18.170           3.205            8.172              True
   NASA      B0018           NASA    familiar     1.872         4.536         4.645         3.205                gate-table (battery-level split)  -15.504           3.205            8.172              True
   NASA      B0036           NASA    familiar     1.947         4.536         4.645         3.205                gate-table (battery-level split)  -15.217           3.205            8.172             False
   NASA      B0038           NASA    familiar     1.913         4.536         4.645         3.205                gate-table (battery-level split)  -15.348           3.205            8.172              True
   NASA      B0039           NASA    familiar     1.484         4.536         4.645         3.205                gate-table (battery-level split)  -16.805           3.205            8.172              True
   NASA      B0040           NASA    familiar     1.344         4.536         4.645         3.205                gate-table (battery-level split)  -17.202           3.205            8.172              True
   NASA      B0041           NASA    familiar     4.228         4.536         4.645         3.205                gate-table (battery-level split)   -1.129           3.205            8.172              True
   NASA      B0051           NASA  unfamiliar     4.672         4.536         4.645         8.172 LODO family-holdout (held-out SOURCE, stricter)    2.819           3.205            8.172             False
    MIT       b1c0            MIT    familiar     2.391         2.742         2.961         0.644                gate-table (battery-level split)  -42.562           0.644           12.271              True
    MIT      b1c17            MIT    familiar     1.763         2.742         2.961         0.644                gate-table (battery-level split)  -45.172           0.644           12.271              True
    MIT      b1c18            MIT  unfamiliar     5.423         2.742         2.961        12.271 LODO family-holdout (held-out SOURCE, stricter)  -18.874           0.644           12.271              True
    MIT      b1c20            MIT    familiar     1.702         2.742         2.961         0.644                gate-table (battery-level split)  -45.385           0.644           12.271              True
    MIT      b1c22            MIT    familiar     1.736         2.742         2.961         0.644                gate-table (battery-level split)  -45.266           0.644           12.271             False
    MIT      b1c32            MIT    familiar     1.949         2.742         2.961         0.644                gate-table (battery-level split)  -44.482           0.644           12.271              True
    MIT       b1c4            MIT    familiar     1.954         2.742         2.961         0.644                gate-table (battery-level split)  -44.463           0.644           12.271              True
    MIT      b1c41            MIT    familiar     2.106         2.742         2.961         0.644                gate-table (battery-level split)  -43.846           0.644           12.271              True
    MIT      b1c43            MIT    familiar     2.351         2.742         2.961         0.644                gate-table (battery-level split)  -42.756           0.644           12.271              True
    MIT       b2c1            MIT    familiar     1.924         2.742         2.961         0.644                gate-table (battery-level split)  -44.581           0.644           12.271             False
    MIT      b2c12            MIT    familiar     2.623         2.742         2.961         0.644                gate-table (battery-level split)  -41.403           0.644           12.271              True
    MIT      b2c13            MIT    familiar     2.463         2.742         2.961         0.644                gate-table (battery-level split)  -42.217           0.644           12.271              True
    MIT      b2c24            MIT  unfamiliar     2.970         2.742         2.961        12.271 LODO family-holdout (held-out SOURCE, stricter)  -39.459           0.644           12.271              True
    MIT      b2c32            MIT    familiar     1.688         2.742         2.961         0.644                gate-table (battery-level split)  -45.433           0.644           12.271              True
    MIT      b2c42            MIT  unfamiliar     3.015         2.742         2.961        12.271 LODO family-holdout (held-out SOURCE, stricter)  -39.188           0.644           12.271             False
    MIT      b2c44            MIT  unfamiliar     3.486         2.742         2.961        12.271 LODO family-holdout (held-out SOURCE, stricter)  -36.132           0.644           12.271              True
    MIT       b2c9            MIT    familiar     2.188         2.742         2.961         0.644                gate-table (battery-level split)  -43.494           0.644           12.271              True
    MIT       b3c0            MIT    familiar     1.759         2.742         2.961         0.644                gate-table (battery-level split)  -45.188           0.644           12.271              True
    MIT      b3c13            MIT  unfamiliar     2.981         2.742         2.961        12.271 LODO family-holdout (held-out SOURCE, stricter)  -39.398           0.644           12.271              True
    MIT      b3c14            MIT    familiar     1.882         2.742         2.961         0.644                gate-table (battery-level split)  -44.739           0.644           12.271             False
    MIT      b3c28            MIT    familiar     1.902         2.742         2.961         0.644                gate-table (battery-level split)  -44.663           0.644           12.271              True
    MIT      b3c33            MIT    familiar     1.814         2.742         2.961         0.644                gate-table (battery-level split)  -44.990           0.644           12.271              True
    MIT      b3c35            MIT    familiar     1.837         2.742         2.961         0.644                gate-table (battery-level split)  -44.907           0.644           12.271              True
    MIT      b3c38            MIT  unfamiliar     3.087         2.742         2.961        12.271 LODO family-holdout (held-out SOURCE, stricter)  -38.755           0.644           12.271              True
    MIT       b4c0            MIT    familiar     1.757         2.742         2.961         0.644                gate-table (battery-level split)  -45.195           0.644           12.271             False
    MIT      b4c21            MIT    familiar     2.010         2.742         2.961         0.644                gate-table (battery-level split)  -44.240           0.644           12.271              True
    MIT      b4c36            MIT  unfamiliar     3.211         2.742         2.961        12.271 LODO family-holdout (held-out SOURCE, stricter)  -37.971           0.644           12.271              True
    MIT      b4c38            MIT    familiar     1.807         2.742         2.961         0.644                gate-table (battery-level split)  -45.016           0.644           12.271              True
    MIT      b4c39            MIT    familiar     2.261         2.742         2.961         0.644                gate-table (battery-level split)  -43.168           0.644           12.271              True
    MIT       b4c5            MIT    familiar     1.766         2.742         2.961         0.644                gate-table (battery-level split)  -45.162           0.644           12.271             False
    MIT       b4c9            MIT    familiar     2.260         2.742         2.961         0.644                gate-table (battery-level split)  -43.173           0.644           12.271              True
