=== Building nearest-source trust profiles ===
[stage1-duration] WARNING: 4 batteries have no cycle_idx==10 row at all: ['B0038', 'B0039', 'B0040', 'B0041'] - falling back to each such battery's own first available cycle as baseline.
[stage1-duration] ICHV -> ICHV_rel: 0 batteries used median-fallback baseline, 0 non-finite output values (of 29705 rows)
[stage1-duration] TEVD -> TEVD_rel: 0 batteries used median-fallback baseline, 0 non-finite output values (of 29705 rows)
[stage1-duration] TEVI -> TEVI_rel: 0 batteries used median-fallback baseline, 0 non-finite output values (of 29705 rows)
[trust] 16 sources loaded, 25-dim feature vector (8 HI + cycle_idx + 16 fusion dims)
[trust] imputed 215024 NaN cells across all sources with pooled column medians
[trust] standardizing all 25 dims with pooled train-battery mean/std (largest raw std was 711.2 on 'cycle_idx')
[trust] NASA: 10 batteries (8 train / 2 test), shrinkage=0.642 (auto=0.642), log|cov|=-19.01
[trust] MIT: 31 batteries (25 train / 6 test), shrinkage=0.300 (auto=0.173) (floor applied), log|cov|=-48.28
[trust] CALCE: 3 batteries (2 train / 1 test), shrinkage=0.300 (auto=0.000) (floor applied), log|cov|=-222.34
[trust] Oxford: 8 batteries (7 train / 1 test), shrinkage=0.300 (auto=0.133) (floor applied), log|cov|=-104.16
[trust] HUST: 77 batteries (62 train / 15 test), shrinkage=0.300 (auto=0.036) (floor applied), log|cov|=-38.94
[trust] XJTU: 47 batteries (38 train / 9 test), shrinkage=0.300 (auto=0.114) (floor applied), log|cov|=-23.55
[trust] ul_pur: 10 batteries (8 train / 2 test), shrinkage=0.359 (auto=0.359), log|cov|=-73.46
[trust] hnei: 14 batteries (12 train / 2 test), shrinkage=0.305 (auto=0.305), log|cov|=-160.08
[trust] snl: 55 batteries (44 train / 11 test), shrinkage=0.479 (auto=0.479), log|cov|=-11.12
[trust] mich: 40 batteries (32 train / 8 test), shrinkage=0.300 (auto=0.017) (floor applied), log|cov|=-160.43
[trust] mich_exp: 18 batteries (15 train / 3 test), shrinkage=0.300 (auto=0.293) (floor applied), log|cov|=-68.26
[trust] rwth: 10 batteries (8 train / 2 test), shrinkage=0.658 (auto=0.658), log|cov|=-90.60
[trust] stanford: 6 batteries (5 train / 1 test), shrinkage=0.300 (auto=0.174) (floor applied), log|cov|=-196.36
[trust] stanford_2: 8 batteries (7 train / 1 test), shrinkage=0.412 (auto=0.412), log|cov|=-132.35
[trust] isu_ilcc: 9 batteries (8 train / 1 test), shrinkage=0.300 (auto=0.228) (floor applied), log|cov|=10.05
[trust] tongji: 130 batteries (104 train / 26 test), shrinkage=0.300 (auto=0.274) (floor applied), log|cov|=-61.45

[trust] === calibration: per-source distance percentiles from own held-out batteries ===
[trust]   NASA: n_test=2, own-distance range=[1.95,4.67], p95=4.54 (familiar<=), p99=4.64 (somewhat_familiar<=)
[trust]   MIT: n_test=6, own-distance range=[1.74,3.02], p95=2.74 (familiar<=), p99=2.96 (somewhat_familiar<=)
[trust]   CALCE: n_test=1, own-distance range=[112.71,112.71], p95=112.71 (familiar<=), p99=112.71 (somewhat_familiar<=) (SMALL-N CAVEAT: based on a single test battery)
[trust]   Oxford: n_test=1, own-distance range=[2.25,2.25], p95=2.25 (familiar<=), p99=2.25 (somewhat_familiar<=) (SMALL-N CAVEAT: based on a single test battery)
[trust]   HUST: n_test=15, own-distance range=[1.45,4.58], p95=3.79 (familiar<=), p99=4.42 (somewhat_familiar<=)
[trust]   XJTU: n_test=9, own-distance range=[0.98,3.20], p95=3.16 (familiar<=), p99=3.19 (somewhat_familiar<=)
[trust]   ul_pur: n_test=2, own-distance range=[2.04,3.44], p95=3.37 (familiar<=), p99=3.43 (somewhat_familiar<=)
[trust]   hnei: n_test=2, own-distance range=[3.82,7.72], p95=7.52 (familiar<=), p99=7.68 (somewhat_familiar<=)
[trust]   snl: n_test=11, own-distance range=[1.24,6.48], p95=5.40 (familiar<=), p99=6.26 (somewhat_familiar<=)
[trust]   mich: n_test=8, own-distance range=[1.58,92.20], p95=61.46 (familiar<=), p99=86.05 (somewhat_familiar<=)
[trust]   mich_exp: n_test=3, own-distance range=[1.82,2.69], p95=2.68 (familiar<=), p99=2.69 (somewhat_familiar<=)
[trust]   rwth: n_test=2, own-distance range=[1.60,19.82], p95=18.91 (familiar<=), p99=19.64 (somewhat_familiar<=)
[trust]   stanford: n_test=1, own-distance range=[3.86,3.86], p95=3.86 (familiar<=), p99=3.86 (somewhat_familiar<=) (SMALL-N CAVEAT: based on a single test battery)
[trust]   stanford_2: n_test=1, own-distance range=[1.22,1.22], p95=1.22 (familiar<=), p99=1.22 (somewhat_familiar<=) (SMALL-N CAVEAT: based on a single test battery)
[trust]   isu_ilcc: n_test=1, own-distance range=[1.26,1.26], p95=1.26 (familiar<=), p99=1.26 (somewhat_familiar<=) (SMALL-N CAVEAT: based on a single test battery)
[trust]   tongji: n_test=26, own-distance range=[0.92,7.84], p95=5.99 (familiar<=), p99=7.49 (somewhat_familiar<=)

[trust] saved models/_source_profiles.pkl (16 source profiles)

[trust] === validation: nearest-source assignment + confusion table ===

[trust] Overall accuracy - RAW DISTANCE (broken): 81/91 (89.0%)  |  LOG-LIKELIHOOD (fixed): 82/91 (90.1%)

[trust] Confusion (LOG-LIKELIHOOD, the corrected/used method) - rows=true source, off-diagonal misassignments only shown per row:
  CALCE: 0/1 correct | misassigned to: XJTU:1
  HUST: 15/15 correct | misassigned to: none
  MIT: 6/6 correct | misassigned to: none
  NASA: 2/2 correct | misassigned to: none
  Oxford: 1/1 correct | misassigned to: none
  XJTU: 9/9 correct | misassigned to: none
  hnei: 2/2 correct | misassigned to: none
  isu_ilcc: 1/1 correct | misassigned to: none
  mich: 7/8 correct | misassigned to: isu_ilcc:1
  mich_exp: 3/3 correct | misassigned to: none
  rwth: 1/2 correct | misassigned to: isu_ilcc:1
  snl: 6/11 correct | misassigned to: XJTU:3, ul_pur:2
  stanford: 1/1 correct | misassigned to: none
  stanford_2: 0/1 correct | misassigned to: stanford:1
  tongji: 26/26 correct | misassigned to: none
  ul_pur: 2/2 correct | misassigned to: none

[trust] Trust-level breakdown (of correctly log-likelihood-assigned test batteries, i.e. testing each source's own calibration against ITSELF):
trust_level
familiar             72
unfamiliar            9
somewhat_familiar     1

[trust] TOTAL TIME: 1.93 minutes
