2026-09-30 20:54:58.852 WARNING streamlit.runtime.scriptrunner_utils.script_run_context: Thread 'MainThread': missing ScriptRunContext! This warning can be ignored when running in bare mode.
2026-09-30 20:55:44.092 Please replace `use_container_width` with `width`.

`use_container_width` will be removed after 2025-12-31.

For `use_container_width=True`, use `width='stretch'`. For `use_container_width=False`, use `width='content'`.
2026-09-30 20:55:44.282 Please replace `use_container_width` with `width`.

`use_container_width` will be removed after 2025-12-31.

For `use_container_width=True`, use `width='stretch'`. For `use_container_width=False`, use `width='content'`.
{"case": "NASA", "header": "B0005 — cycle 168 of 168", "exceptions": 0, "out_of_domain_banner": false, "neutral_no_shift_note": true, "not_detected_line_shown": true, "any_green_trusted_message": true, "banner_reason": null, "banner_has_both_error_numbers": false, "soh_metric": "71.7%", "rul_metric": "2 cycles", "rul_hidden_reason": null, "unreliable_banner": false, "secs": 67.1}
2026-09-30 20:56:05.989 Thread 'MainThread': missing ScriptRunContext! This warning can be ignored when running in bare mode.
2026-09-30 20:56:22.561 Please replace `use_container_width` with `width`.

`use_container_width` will be removed after 2025-12-31.

For `use_container_width=True`, use `width='stretch'`. For `use_container_width=False`, use `width='content'`.
2026-09-30 20:56:22.622 Please replace `use_container_width` with `width`.

`use_container_width` will be removed after 2025-12-31.

For `use_container_width=True`, use `width='stretch'`. For `use_container_width=False`, use `width='content'`.
{"case": "MIT", "header": "b1c17 — cycle 855 of 855", "exceptions": 0, "out_of_domain_banner": false, "neutral_no_shift_note": true, "not_detected_line_shown": true, "any_green_trusted_message": true, "banner_reason": null, "banner_has_both_error_numbers": false, "soh_metric": "82.5%", "rul_metric": "0 cycles", "rul_hidden_reason": null, "unreliable_banner": false, "secs": 37.6}
2026-09-30 20:56:43.631 Thread 'MainThread': missing ScriptRunContext! This warning can be ignored when running in bare mode.
2026-09-30 20:57:24.302 Please replace `use_container_width` with `width`.

`use_container_width` will be removed after 2025-12-31.

For `use_container_width=True`, use `width='stretch'`. For `use_container_width=False`, use `width='content'`.
2026-09-30 20:57:24.319 Please replace `use_container_width` with `width`.

`use_container_width` will be removed after 2025-12-31.

For `use_container_width=True`, use `width='stretch'`. For `use_container_width=False`, use `width='content'`.
{"case": "CALCE", "header": "CS2_35 — cycle 932 of 932", "exceptions": 0, "out_of_domain_banner": false, "neutral_no_shift_note": true, "not_detected_line_shown": true, "any_green_trusted_message": true, "banner_reason": null, "banner_has_both_error_numbers": false, "soh_metric": "24.9%", "rul_metric": "not available", "rul_hidden_reason": "ℹ️ RUL is hidden rather than shown unreliably - its nearest known source is CALCE, which the RUL model was never trained on (it only saw NASA+MIT). RUL was never validated to work outside NASA+MIT (this project's own direct evidence: CALCE RUL R2=-566, a catas", "unreliable_banner": false, "secs": 72.0}
2026-09-30 20:57:55.605 Thread 'MainThread': missing ScriptRunContext! This warning can be ignored when running in bare mode.
2026-09-30 20:57:56.448 Please replace `use_container_width` with `width`.

`use_container_width` will be removed after 2025-12-31.

For `use_container_width=True`, use `width='stretch'`. For `use_container_width=False`, use `width='content'`.
2026-09-30 20:57:56.479 Please replace `use_container_width` with `width`.

`use_container_width` will be removed after 2025-12-31.

For `use_container_width=True`, use `width='stretch'`. For `use_container_width=False`, use `width='content'`.
{"case": "Oxford", "header": "Cell1 — cycle 8200", "exceptions": 0, "out_of_domain_banner": false, "neutral_no_shift_note": true, "not_detected_line_shown": true, "any_green_trusted_message": true, "banner_reason": null, "banner_has_both_error_numbers": false, "soh_metric": "76.8%", "rul_metric": "not available", "rul_hidden_reason": null, "unreliable_banner": false, "secs": 15.1}
2026-09-30 20:58:10.742 Thread 'MainThread': missing ScriptRunContext! This warning can be ignored when running in bare mode.
2026-09-30 20:58:11.917 Please replace `use_container_width` with `width`.

`use_container_width` will be removed after 2025-12-31.

For `use_container_width=True`, use `width='stretch'`. For `use_container_width=False`, use `width='content'`.
2026-09-30 20:58:11.956 Please replace `use_container_width` with `width`.

`use_container_width` will be removed after 2025-12-31.

For `use_container_width=True`, use `width='stretch'`. For `use_container_width=False`, use `width='content'`.
{"case": "HUST", "header": "1-1 — cycle 1504", "exceptions": 0, "out_of_domain_banner": false, "neutral_no_shift_note": true, "not_detected_line_shown": true, "any_green_trusted_message": true, "banner_reason": null, "banner_has_both_error_numbers": false, "soh_metric": "78.4%", "rul_metric": "not available", "rul_hidden_reason": null, "unreliable_banner": false, "secs": 30.6}
2026-09-30 20:58:41.342 Thread 'MainThread': missing ScriptRunContext! This warning can be ignored when running in bare mode.
2026-09-30 20:58:42.242 Please replace `use_container_width` with `width`.

`use_container_width` will be removed after 2025-12-31.

For `use_container_width=True`, use `width='stretch'`. For `use_container_width=False`, use `width='content'`.
2026-09-30 20:58:42.283 Please replace `use_container_width` with `width`.

`use_container_width` will be removed after 2025-12-31.

For `use_container_width=True`, use `width='stretch'`. For `use_container_width=False`, use `width='content'`.
{"case": "XJTU", "header": "Batch-1/2C_battery-1 — cycle 390", "exceptions": 0, "out_of_domain_banner": false, "neutral_no_shift_note": true, "not_detected_line_shown": true, "any_green_trusted_message": true, "banner_reason": null, "banner_has_both_error_numbers": false, "soh_metric": "86.4%", "rul_metric": "not available", "rul_hidden_reason": null, "unreliable_banner": false, "secs": 36.7}
2026-09-30 20:59:18.007 Thread 'MainThread': missing ScriptRunContext! This warning can be ignored when running in bare mode.
2026-09-30 20:59:18.628 Please replace `use_container_width` with `width`.

`use_container_width` will be removed after 2025-12-31.

For `use_container_width=True`, use `width='stretch'`. For `use_container_width=False`, use `width='content'`.
2026-09-30 20:59:18.643 Please replace `use_container_width` with `width`.

`use_container_width` will be removed after 2025-12-31.

For `use_container_width=True`, use `width='stretch'`. For `use_container_width=False`, use `width='content'`.
2026-09-30 20:59:21.969 Please replace `use_container_width` with `width`.

`use_container_width` will be removed after 2025-12-31.

For `use_container_width=True`, use `width='stretch'`. For `use_container_width=False`, use `width='content'`.
2026-09-30 20:59:21.999 Please replace `use_container_width` with `width`.

`use_container_width` will be removed after 2025-12-31.

For `use_container_width=True`, use `width='stretch'`. For `use_container_width=False`, use `width='content'`.
{"case": "HNEI upload", "header": "hnei_test.csv — cycle 30 of 30", "exceptions": 0, "out_of_domain_banner": false, "neutral_no_shift_note": true, "not_detected_line_shown": true, "any_green_trusted_message": true, "banner_reason": null, "banner_has_both_error_numbers": false, "soh_metric": "97.3%", "rul_metric": "not available", "rul_hidden_reason": "ℹ️ RUL is hidden rather than shown unreliably - its nearest known source is snl, which the RUL model was never trained on (it only saw NASA+MIT). RUL was never validated to work outside NASA+MIT (this project's own direct evidence: CALCE RUL R2=-566, a catastr", "unreliable_banner": false, "secs": 38.4}
